[0.015s] Invoking command in '/home/user/bot_ws/build/bot_bringup': AMENT_PREFIX_PATH=/home/user/bot_ws/install/bot_script:/home/user/bot_ws/install/bot_bringup:/home/user/bot_ws/install/bot_controller:/home/user/bot_ws/install/bot_description:/opt/ros/humble CMAKE_PREFIX_PATH=/home/user/bot_ws/install/bot_description:/home/user/bot_ws/install/bot_controller:/home/user/bot_ws/install/bot_bringup:/home/user/bot_ws/install/bot_script:/opt/ros/humble _=/usr/bin/env /usr/bin/cmake --build /home/user/bot_ws/build/bot_bringup -- -j8 -l8
[0.056s] Invoked command in '/home/user/bot_ws/build/bot_bringup' returned '0': AMENT_PREFIX_PATH=/home/user/bot_ws/install/bot_script:/home/user/bot_ws/install/bot_bringup:/home/user/bot_ws/install/bot_controller:/home/user/bot_ws/install/bot_description:/opt/ros/humble CMAKE_PREFIX_PATH=/home/user/bot_ws/install/bot_description:/home/user/bot_ws/install/bot_controller:/home/user/bot_ws/install/bot_bringup:/home/user/bot_ws/install/bot_script:/opt/ros/humble _=/usr/bin/env /usr/bin/cmake --build /home/user/bot_ws/build/bot_bringup -- -j8 -l8
[0.059s] Invoking command in '/home/user/bot_ws/build/bot_bringup': AMENT_PREFIX_PATH=/home/user/bot_ws/install/bot_script:/home/user/bot_ws/install/bot_bringup:/home/user/bot_ws/install/bot_controller:/home/user/bot_ws/install/bot_description:/opt/ros/humble CMAKE_PREFIX_PATH=/home/user/bot_ws/install/bot_description:/home/user/bot_ws/install/bot_controller:/home/user/bot_ws/install/bot_bringup:/home/user/bot_ws/install/bot_script:/opt/ros/humble _=/usr/bin/env /usr/bin/cmake --install /home/user/bot_ws/build/bot_bringup
[0.066s] -- Install configuration: ""
[0.066s] -- Up-to-date: /home/user/bot_ws/install/bot_bringup/share/bot_bringup/launch
[0.066s] -- Up-to-date: /home/user/bot_ws/install/bot_bringup/share/bot_bringup/launch/simulated_robot.launch.py
[0.066s] -- Up-to-date: /home/user/bot_ws/install/bot_bringup/share/ament_index/resource_index/package_run_dependencies/bot_bringup
[0.066s] -- Up-to-date: /home/user/bot_ws/install/bot_bringup/share/ament_index/resource_index/parent_prefix_path/bot_bringup
[0.066s] -- Up-to-date: /home/user/bot_ws/install/bot_bringup/share/bot_bringup/environment/ament_prefix_path.sh
[0.067s] -- Up-to-date: /home/user/bot_ws/install/bot_bringup/share/bot_bringup/environment/ament_prefix_path.dsv
[0.067s] -- Up-to-date: /home/user/bot_ws/install/bot_bringup/share/bot_bringup/environment/path.sh
[0.067s] -- Up-to-date: /home/user/bot_ws/install/bot_bringup/share/bot_bringup/environment/path.dsv
[0.067s] -- Up-to-date: /home/user/bot_ws/install/bot_bringup/share/bot_bringup/local_setup.bash
[0.067s] -- Up-to-date: /home/user/bot_ws/install/bot_bringup/share/bot_bringup/local_setup.sh
[0.068s] -- Up-to-date: /home/user/bot_ws/install/bot_bringup/share/bot_bringup/local_setup.zsh
[0.069s] -- Up-to-date: /home/user/bot_ws/install/bot_bringup/share/bot_bringup/local_setup.dsv
[0.069s] -- Up-to-date: /home/user/bot_ws/install/bot_bringup/share/bot_bringup/package.dsv
[0.069s] -- Up-to-date: /home/user/bot_ws/install/bot_bringup/share/ament_index/resource_index/packages/bot_bringup
[0.069s] -- Up-to-date: /home/user/bot_ws/install/bot_bringup/share/bot_bringup/cmake/bot_bringupConfig.cmake
[0.070s] -- Up-to-date: /home/user/bot_ws/install/bot_bringup/share/bot_bringup/cmake/bot_bringupConfig-version.cmake
[0.070s] -- Up-to-date: /home/user/bot_ws/install/bot_bringup/share/bot_bringup/package.xml
[0.072s] Invoked command in '/home/user/bot_ws/build/bot_bringup' returned '0': AMENT_PREFIX_PATH=/home/user/bot_ws/install/bot_script:/home/user/bot_ws/install/bot_bringup:/home/user/bot_ws/install/bot_controller:/home/user/bot_ws/install/bot_description:/opt/ros/humble CMAKE_PREFIX_PATH=/home/user/bot_ws/install/bot_description:/home/user/bot_ws/install/bot_controller:/home/user/bot_ws/install/bot_bringup:/home/user/bot_ws/install/bot_script:/opt/ros/humble _=/usr/bin/env /usr/bin/cmake --install /home/user/bot_ws/build/bot_bringup
