[0.026s] Invoking command in '/home/user/bot_ws/build/bot_controller': CMAKE_PREFIX_PATH=${CMAKE_PREFIX_PATH}:/home/user/bot_ws/install/bot_script:/opt/ros/humble _=/usr/bin/env /usr/bin/cmake --build /home/user/bot_ws/build/bot_controller -- -j8 -l8
[0.259s] Invoked command in '/home/user/bot_ws/build/bot_controller' returned '0': CMAKE_PREFIX_PATH=${CMAKE_PREFIX_PATH}:/home/user/bot_ws/install/bot_script:/opt/ros/humble _=/usr/bin/env /usr/bin/cmake --build /home/user/bot_ws/build/bot_controller -- -j8 -l8
[0.269s] Invoking command in '/home/user/bot_ws/build/bot_controller': CMAKE_PREFIX_PATH=${CMAKE_PREFIX_PATH}:/home/user/bot_ws/install/bot_script:/opt/ros/humble _=/usr/bin/env /usr/bin/cmake --install /home/user/bot_ws/build/bot_controller
[0.275s] -- Install configuration: ""
[0.275s] -- Up-to-date: /home/user/bot_ws/install/bot_controller/include/include
[0.276s] -- Up-to-date: /home/user/bot_ws/install/bot_controller/include/include/bot_controller
[0.276s] -- Up-to-date: /home/user/bot_ws/install/bot_controller/share/bot_controller/launch
[0.276s] -- Up-to-date: /home/user/bot_ws/install/bot_controller/share/bot_controller/launch/controller.launch.py
[0.276s] -- Up-to-date: /home/user/bot_ws/install/bot_controller/share/bot_controller/config
[0.276s] -- Up-to-date: /home/user/bot_ws/install/bot_controller/share/bot_controller/config/bot_controllers.yaml
[0.276s] -- Up-to-date: /home/user/bot_ws/install/bot_controller/share/ament_index/resource_index/package_run_dependencies/bot_controller
[0.277s] -- Up-to-date: /home/user/bot_ws/install/bot_controller/share/ament_index/resource_index/parent_prefix_path/bot_controller
[0.277s] -- Up-to-date: /home/user/bot_ws/install/bot_controller/share/bot_controller/environment/ament_prefix_path.sh
[0.277s] -- Up-to-date: /home/user/bot_ws/install/bot_controller/share/bot_controller/environment/ament_prefix_path.dsv
[0.277s] -- Up-to-date: /home/user/bot_ws/install/bot_controller/share/bot_controller/environment/path.sh
[0.277s] -- Up-to-date: /home/user/bot_ws/install/bot_controller/share/bot_controller/environment/path.dsv
[0.277s] -- Up-to-date: /home/user/bot_ws/install/bot_controller/share/bot_controller/local_setup.bash
[0.277s] -- Up-to-date: /home/user/bot_ws/install/bot_controller/share/bot_controller/local_setup.sh
[0.277s] -- Up-to-date: /home/user/bot_ws/install/bot_controller/share/bot_controller/local_setup.zsh
[0.277s] -- Up-to-date: /home/user/bot_ws/install/bot_controller/share/bot_controller/local_setup.dsv
[0.278s] -- Installing: /home/user/bot_ws/install/bot_controller/share/bot_controller/package.dsv
[0.278s] -- Up-to-date: /home/user/bot_ws/install/bot_controller/share/ament_index/resource_index/packages/bot_controller
[0.278s] -- Up-to-date: /home/user/bot_ws/install/bot_controller/share/bot_controller/cmake/bot_controllerConfig.cmake
[0.279s] -- Up-to-date: /home/user/bot_ws/install/bot_controller/share/bot_controller/cmake/bot_controllerConfig-version.cmake
[0.279s] -- Up-to-date: /home/user/bot_ws/install/bot_controller/share/bot_controller/package.xml
[0.279s] Invoked command in '/home/user/bot_ws/build/bot_controller' returned '0': CMAKE_PREFIX_PATH=${CMAKE_PREFIX_PATH}:/home/user/bot_ws/install/bot_script:/opt/ros/humble _=/usr/bin/env /usr/bin/cmake --install /home/user/bot_ws/build/bot_controller
