[0.109s] DEBUG:colcon:Command line arguments: ['/usr/bin/colcon', 'build']
[0.109s] DEBUG:colcon:Parsed command line arguments: Namespace(log_base=None, log_level=None, verb_name='build', build_base='build', install_base='install', merge_install=False, symlink_install=False, test_result_base=None, continue_on_error=False, executor='parallel', parallel_workers=8, event_handlers=None, ignore_user_meta=False, metas=['./colcon.meta'], base_paths=['.'], packages_ignore=None, packages_ignore_regex=None, paths=None, packages_up_to=None, packages_up_to_regex=None, packages_above=None, packages_above_and_dependencies=None, packages_above_depth=None, packages_select_by_dep=None, packages_skip_by_dep=None, packages_skip_up_to=None, packages_select_build_failed=False, packages_skip_build_finished=False, packages_select_test_failures=False, packages_skip_test_passed=False, packages_select=None, packages_skip=None, packages_select_regex=None, packages_skip_regex=None, packages_start=None, packages_end=None, cmake_args=None, cmake_target=None, cmake_target_skip_unavailable=False, cmake_clean_cache=False, cmake_clean_first=False, cmake_force_configure=False, ament_cmake_args=None, catkin_cmake_args=None, catkin_skip_building_tests=False, mixin_files=None, mixin=None, verb_parser=<colcon_mixin.mixin.mixin_argument.MixinArgumentDecorator object at 0x7f616fc90a90>, verb_extension=<colcon_core.verb.build.BuildVerb object at 0x7f616fc5ff10>, main=<bound method BuildVerb.main of <colcon_core.verb.build.BuildVerb object at 0x7f616fc5ff10>>, mixin_verb=('build',))
[0.150s] Level 1:colcon.colcon_core.package_discovery:discover_packages(colcon_meta) check parameters
[0.150s] Level 1:colcon.colcon_core.package_discovery:discover_packages(recursive) check parameters
[0.150s] Level 1:colcon.colcon_core.package_discovery:discover_packages(ignore) check parameters
[0.150s] Level 1:colcon.colcon_core.package_discovery:discover_packages(path) check parameters
[0.150s] Level 1:colcon.colcon_core.package_discovery:discover_packages(colcon_meta) discover
[0.150s] Level 1:colcon.colcon_core.package_discovery:discover_packages(recursive) discover
[0.151s] INFO:colcon.colcon_core.package_discovery:Crawling recursively for packages in '/home/user/bot_ws'
[0.151s] Level 1:colcon.colcon_core.package_identification:_identify(.) by extensions ['ignore', 'ignore_ament_install']
[0.151s] Level 1:colcon.colcon_core.package_identification:_identify(.) by extension 'ignore'
[0.151s] Level 1:colcon.colcon_core.package_identification:_identify(.) by extension 'ignore_ament_install'
[0.151s] Level 1:colcon.colcon_core.package_identification:_identify(.) by extensions ['colcon_pkg']
[0.151s] Level 1:colcon.colcon_core.package_identification:_identify(.) by extension 'colcon_pkg'
[0.151s] Level 1:colcon.colcon_core.package_identification:_identify(.) by extensions ['colcon_meta']
[0.151s] Level 1:colcon.colcon_core.package_identification:_identify(.) by extension 'colcon_meta'
[0.151s] Level 1:colcon.colcon_core.package_identification:_identify(.) by extensions ['ros']
[0.151s] Level 1:colcon.colcon_core.package_identification:_identify(.) by extension 'ros'
[0.166s] Level 1:colcon.colcon_core.package_identification:_identify(.) by extensions ['cmake', 'python']
[0.166s] Level 1:colcon.colcon_core.package_identification:_identify(.) by extension 'cmake'
[0.166s] Level 1:colcon.colcon_core.package_identification:_identify(.) by extension 'python'
[0.166s] Level 1:colcon.colcon_core.package_identification:_identify(.) by extensions ['python_setup_py']
[0.166s] Level 1:colcon.colcon_core.package_identification:_identify(.) by extension 'python_setup_py'
[0.166s] Level 1:colcon.colcon_core.package_identification:_identify(build) by extensions ['ignore', 'ignore_ament_install']
[0.166s] Level 1:colcon.colcon_core.package_identification:_identify(build) by extension 'ignore'
[0.166s] Level 1:colcon.colcon_core.package_identification:_identify(build) ignored
[0.166s] Level 1:colcon.colcon_core.package_identification:_identify(install) by extensions ['ignore', 'ignore_ament_install']
[0.166s] Level 1:colcon.colcon_core.package_identification:_identify(install) by extension 'ignore'
[0.166s] Level 1:colcon.colcon_core.package_identification:_identify(install) ignored
[0.166s] Level 1:colcon.colcon_core.package_identification:_identify(log) by extensions ['ignore', 'ignore_ament_install']
[0.167s] Level 1:colcon.colcon_core.package_identification:_identify(log) by extension 'ignore'
[0.167s] Level 1:colcon.colcon_core.package_identification:_identify(log) ignored
[0.167s] Level 1:colcon.colcon_core.package_identification:_identify(src) by extensions ['ignore', 'ignore_ament_install']
[0.167s] Level 1:colcon.colcon_core.package_identification:_identify(src) by extension 'ignore'
[0.167s] Level 1:colcon.colcon_core.package_identification:_identify(src) by extension 'ignore_ament_install'
[0.167s] Level 1:colcon.colcon_core.package_identification:_identify(src) by extensions ['colcon_pkg']
[0.167s] Level 1:colcon.colcon_core.package_identification:_identify(src) by extension 'colcon_pkg'
[0.167s] Level 1:colcon.colcon_core.package_identification:_identify(src) by extensions ['colcon_meta']
[0.167s] Level 1:colcon.colcon_core.package_identification:_identify(src) by extension 'colcon_meta'
[0.167s] Level 1:colcon.colcon_core.package_identification:_identify(src) by extensions ['ros']
[0.167s] Level 1:colcon.colcon_core.package_identification:_identify(src) by extension 'ros'
[0.167s] Level 1:colcon.colcon_core.package_identification:_identify(src) by extensions ['cmake', 'python']
[0.167s] Level 1:colcon.colcon_core.package_identification:_identify(src) by extension 'cmake'
[0.167s] Level 1:colcon.colcon_core.package_identification:_identify(src) by extension 'python'
[0.167s] Level 1:colcon.colcon_core.package_identification:_identify(src) by extensions ['python_setup_py']
[0.167s] Level 1:colcon.colcon_core.package_identification:_identify(src) by extension 'python_setup_py'
[0.167s] Level 1:colcon.colcon_core.package_identification:_identify(src/bot_bringup) by extensions ['ignore', 'ignore_ament_install']
[0.167s] Level 1:colcon.colcon_core.package_identification:_identify(src/bot_bringup) by extension 'ignore'
[0.167s] Level 1:colcon.colcon_core.package_identification:_identify(src/bot_bringup) by extension 'ignore_ament_install'
[0.168s] Level 1:colcon.colcon_core.package_identification:_identify(src/bot_bringup) by extensions ['colcon_pkg']
[0.168s] Level 1:colcon.colcon_core.package_identification:_identify(src/bot_bringup) by extension 'colcon_pkg'
[0.168s] Level 1:colcon.colcon_core.package_identification:_identify(src/bot_bringup) by extensions ['colcon_meta']
[0.168s] Level 1:colcon.colcon_core.package_identification:_identify(src/bot_bringup) by extension 'colcon_meta'
[0.168s] Level 1:colcon.colcon_core.package_identification:_identify(src/bot_bringup) by extensions ['ros']
[0.168s] Level 1:colcon.colcon_core.package_identification:_identify(src/bot_bringup) by extension 'ros'
[0.170s] DEBUG:colcon.colcon_core.package_identification:Package 'src/bot_bringup' with type 'ros.ament_cmake' and name 'bot_bringup'
[0.170s] Level 1:colcon.colcon_core.package_identification:_identify(src/bot_controller) by extensions ['ignore', 'ignore_ament_install']
[0.170s] Level 1:colcon.colcon_core.package_identification:_identify(src/bot_controller) by extension 'ignore'
[0.171s] Level 1:colcon.colcon_core.package_identification:_identify(src/bot_controller) by extension 'ignore_ament_install'
[0.171s] Level 1:colcon.colcon_core.package_identification:_identify(src/bot_controller) by extensions ['colcon_pkg']
[0.171s] Level 1:colcon.colcon_core.package_identification:_identify(src/bot_controller) by extension 'colcon_pkg'
[0.171s] Level 1:colcon.colcon_core.package_identification:_identify(src/bot_controller) by extensions ['colcon_meta']
[0.171s] Level 1:colcon.colcon_core.package_identification:_identify(src/bot_controller) by extension 'colcon_meta'
[0.171s] Level 1:colcon.colcon_core.package_identification:_identify(src/bot_controller) by extensions ['ros']
[0.171s] Level 1:colcon.colcon_core.package_identification:_identify(src/bot_controller) by extension 'ros'
[0.172s] DEBUG:colcon.colcon_core.package_identification:Package 'src/bot_controller' with type 'ros.ament_cmake' and name 'bot_controller'
[0.172s] Level 1:colcon.colcon_core.package_identification:_identify(src/bot_description) by extensions ['ignore', 'ignore_ament_install']
[0.172s] Level 1:colcon.colcon_core.package_identification:_identify(src/bot_description) by extension 'ignore'
[0.173s] Level 1:colcon.colcon_core.package_identification:_identify(src/bot_description) by extension 'ignore_ament_install'
[0.173s] Level 1:colcon.colcon_core.package_identification:_identify(src/bot_description) by extensions ['colcon_pkg']
[0.173s] Level 1:colcon.colcon_core.package_identification:_identify(src/bot_description) by extension 'colcon_pkg'
[0.173s] Level 1:colcon.colcon_core.package_identification:_identify(src/bot_description) by extensions ['colcon_meta']
[0.173s] Level 1:colcon.colcon_core.package_identification:_identify(src/bot_description) by extension 'colcon_meta'
[0.173s] Level 1:colcon.colcon_core.package_identification:_identify(src/bot_description) by extensions ['ros']
[0.173s] Level 1:colcon.colcon_core.package_identification:_identify(src/bot_description) by extension 'ros'
[0.173s] DEBUG:colcon.colcon_core.package_identification:Package 'src/bot_description' with type 'ros.ament_cmake' and name 'bot_description'
[0.173s] Level 1:colcon.colcon_core.package_identification:_identify(src/bot_script) by extensions ['ignore', 'ignore_ament_install']
[0.174s] Level 1:colcon.colcon_core.package_identification:_identify(src/bot_script) by extension 'ignore'
[0.174s] Level 1:colcon.colcon_core.package_identification:_identify(src/bot_script) by extension 'ignore_ament_install'
[0.174s] Level 1:colcon.colcon_core.package_identification:_identify(src/bot_script) by extensions ['colcon_pkg']
[0.174s] Level 1:colcon.colcon_core.package_identification:_identify(src/bot_script) by extension 'colcon_pkg'
[0.174s] Level 1:colcon.colcon_core.package_identification:_identify(src/bot_script) by extensions ['colcon_meta']
[0.174s] Level 1:colcon.colcon_core.package_identification:_identify(src/bot_script) by extension 'colcon_meta'
[0.174s] Level 1:colcon.colcon_core.package_identification:_identify(src/bot_script) by extensions ['ros']
[0.174s] Level 1:colcon.colcon_core.package_identification:_identify(src/bot_script) by extension 'ros'
[0.174s] DEBUG:colcon.colcon_core.package_identification:Package 'src/bot_script' with type 'ros.ament_python' and name 'bot_script'
[0.174s] Level 1:colcon.colcon_core.package_discovery:discover_packages(recursive) using defaults
[0.174s] Level 1:colcon.colcon_core.package_discovery:discover_packages(ignore) discover
[0.174s] Level 1:colcon.colcon_core.package_discovery:discover_packages(ignore) using defaults
[0.174s] Level 1:colcon.colcon_core.package_discovery:discover_packages(path) discover
[0.175s] Level 1:colcon.colcon_core.package_discovery:discover_packages(path) using defaults
[0.196s] Level 5:colcon.colcon_core.verb:set package 'bot_controller' build argument 'cmake_args' from command line to 'None'
[0.196s] Level 5:colcon.colcon_core.verb:set package 'bot_controller' build argument 'cmake_target' from command line to 'None'
[0.196s] Level 5:colcon.colcon_core.verb:set package 'bot_controller' build argument 'cmake_target_skip_unavailable' from command line to 'False'
[0.196s] Level 5:colcon.colcon_core.verb:set package 'bot_controller' build argument 'cmake_clean_cache' from command line to 'False'
[0.196s] Level 5:colcon.colcon_core.verb:set package 'bot_controller' build argument 'cmake_clean_first' from command line to 'False'
[0.196s] Level 5:colcon.colcon_core.verb:set package 'bot_controller' build argument 'cmake_force_configure' from command line to 'False'
[0.196s] Level 5:colcon.colcon_core.verb:set package 'bot_controller' build argument 'ament_cmake_args' from command line to 'None'
[0.196s] Level 5:colcon.colcon_core.verb:set package 'bot_controller' build argument 'catkin_cmake_args' from command line to 'None'
[0.196s] Level 5:colcon.colcon_core.verb:set package 'bot_controller' build argument 'catkin_skip_building_tests' from command line to 'False'
[0.196s] DEBUG:colcon.colcon_core.verb:Building package 'bot_controller' with the following arguments: {'ament_cmake_args': None, 'build_base': '/home/user/bot_ws/build/bot_controller', 'catkin_cmake_args': None, 'catkin_skip_building_tests': False, 'cmake_args': None, 'cmake_clean_cache': False, 'cmake_clean_first': False, 'cmake_force_configure': False, 'cmake_target': None, 'cmake_target_skip_unavailable': False, 'install_base': '/home/user/bot_ws/install/bot_controller', 'merge_install': False, 'path': '/home/user/bot_ws/src/bot_controller', 'symlink_install': False, 'test_result_base': None}
[0.196s] Level 5:colcon.colcon_core.verb:set package 'bot_description' build argument 'cmake_args' from command line to 'None'
[0.196s] Level 5:colcon.colcon_core.verb:set package 'bot_description' build argument 'cmake_target' from command line to 'None'
[0.196s] Level 5:colcon.colcon_core.verb:set package 'bot_description' build argument 'cmake_target_skip_unavailable' from command line to 'False'
[0.197s] Level 5:colcon.colcon_core.verb:set package 'bot_description' build argument 'cmake_clean_cache' from command line to 'False'
[0.197s] Level 5:colcon.colcon_core.verb:set package 'bot_description' build argument 'cmake_clean_first' from command line to 'False'
[0.197s] Level 5:colcon.colcon_core.verb:set package 'bot_description' build argument 'cmake_force_configure' from command line to 'False'
[0.197s] Level 5:colcon.colcon_core.verb:set package 'bot_description' build argument 'ament_cmake_args' from command line to 'None'
[0.197s] Level 5:colcon.colcon_core.verb:set package 'bot_description' build argument 'catkin_cmake_args' from command line to 'None'
[0.197s] Level 5:colcon.colcon_core.verb:set package 'bot_description' build argument 'catkin_skip_building_tests' from command line to 'False'
[0.197s] DEBUG:colcon.colcon_core.verb:Building package 'bot_description' with the following arguments: {'ament_cmake_args': None, 'build_base': '/home/user/bot_ws/build/bot_description', 'catkin_cmake_args': None, 'catkin_skip_building_tests': False, 'cmake_args': None, 'cmake_clean_cache': False, 'cmake_clean_first': False, 'cmake_force_configure': False, 'cmake_target': None, 'cmake_target_skip_unavailable': False, 'install_base': '/home/user/bot_ws/install/bot_description', 'merge_install': False, 'path': '/home/user/bot_ws/src/bot_description', 'symlink_install': False, 'test_result_base': None}
[0.197s] Level 5:colcon.colcon_core.verb:set package 'bot_script' build argument 'cmake_args' from command line to 'None'
[0.197s] Level 5:colcon.colcon_core.verb:set package 'bot_script' build argument 'cmake_target' from command line to 'None'
[0.197s] Level 5:colcon.colcon_core.verb:set package 'bot_script' build argument 'cmake_target_skip_unavailable' from command line to 'False'
[0.197s] Level 5:colcon.colcon_core.verb:set package 'bot_script' build argument 'cmake_clean_cache' from command line to 'False'
[0.197s] Level 5:colcon.colcon_core.verb:set package 'bot_script' build argument 'cmake_clean_first' from command line to 'False'
[0.197s] Level 5:colcon.colcon_core.verb:set package 'bot_script' build argument 'cmake_force_configure' from command line to 'False'
[0.197s] Level 5:colcon.colcon_core.verb:set package 'bot_script' build argument 'ament_cmake_args' from command line to 'None'
[0.197s] Level 5:colcon.colcon_core.verb:set package 'bot_script' build argument 'catkin_cmake_args' from command line to 'None'
[0.197s] Level 5:colcon.colcon_core.verb:set package 'bot_script' build argument 'catkin_skip_building_tests' from command line to 'False'
[0.197s] DEBUG:colcon.colcon_core.verb:Building package 'bot_script' with the following arguments: {'ament_cmake_args': None, 'build_base': '/home/user/bot_ws/build/bot_script', 'catkin_cmake_args': None, 'catkin_skip_building_tests': False, 'cmake_args': None, 'cmake_clean_cache': False, 'cmake_clean_first': False, 'cmake_force_configure': False, 'cmake_target': None, 'cmake_target_skip_unavailable': False, 'install_base': '/home/user/bot_ws/install/bot_script', 'merge_install': False, 'path': '/home/user/bot_ws/src/bot_script', 'symlink_install': False, 'test_result_base': None}
[0.198s] Level 5:colcon.colcon_core.verb:set package 'bot_bringup' build argument 'cmake_args' from command line to 'None'
[0.198s] Level 5:colcon.colcon_core.verb:set package 'bot_bringup' build argument 'cmake_target' from command line to 'None'
[0.198s] Level 5:colcon.colcon_core.verb:set package 'bot_bringup' build argument 'cmake_target_skip_unavailable' from command line to 'False'
[0.198s] Level 5:colcon.colcon_core.verb:set package 'bot_bringup' build argument 'cmake_clean_cache' from command line to 'False'
[0.198s] Level 5:colcon.colcon_core.verb:set package 'bot_bringup' build argument 'cmake_clean_first' from command line to 'False'
[0.198s] Level 5:colcon.colcon_core.verb:set package 'bot_bringup' build argument 'cmake_force_configure' from command line to 'False'
[0.198s] Level 5:colcon.colcon_core.verb:set package 'bot_bringup' build argument 'ament_cmake_args' from command line to 'None'
[0.198s] Level 5:colcon.colcon_core.verb:set package 'bot_bringup' build argument 'catkin_cmake_args' from command line to 'None'
[0.198s] Level 5:colcon.colcon_core.verb:set package 'bot_bringup' build argument 'catkin_skip_building_tests' from command line to 'False'
[0.198s] DEBUG:colcon.colcon_core.verb:Building package 'bot_bringup' with the following arguments: {'ament_cmake_args': None, 'build_base': '/home/user/bot_ws/build/bot_bringup', 'catkin_cmake_args': None, 'catkin_skip_building_tests': False, 'cmake_args': None, 'cmake_clean_cache': False, 'cmake_clean_first': False, 'cmake_force_configure': False, 'cmake_target': None, 'cmake_target_skip_unavailable': False, 'install_base': '/home/user/bot_ws/install/bot_bringup', 'merge_install': False, 'path': '/home/user/bot_ws/src/bot_bringup', 'symlink_install': False, 'test_result_base': None}
[0.198s] INFO:colcon.colcon_core.executor:Executing jobs using 'parallel' executor
[0.199s] DEBUG:colcon.colcon_parallel_executor.executor.parallel:run_until_complete
[0.199s] INFO:colcon.colcon_ros.task.ament_cmake.build:Building ROS package in '/home/user/bot_ws/src/bot_controller' with build type 'ament_cmake'
[0.199s] INFO:colcon.colcon_cmake.task.cmake.build:Building CMake package in '/home/user/bot_ws/src/bot_controller'
[0.202s] INFO:colcon.colcon_core.plugin_system:Skipping extension 'colcon_core.shell.bat': Not used on non-Windows systems
[0.202s] INFO:colcon.colcon_core.shell:Skip shell extension 'powershell' for command environment: Not usable outside of PowerShell
[0.202s] DEBUG:colcon.colcon_core.shell:Skip shell extension 'dsv' for command environment
[0.208s] INFO:colcon.colcon_ros.task.ament_cmake.build:Building ROS package in '/home/user/bot_ws/src/bot_description' with build type 'ament_cmake'
[0.208s] INFO:colcon.colcon_cmake.task.cmake.build:Building CMake package in '/home/user/bot_ws/src/bot_description'
[0.208s] INFO:colcon.colcon_core.shell:Skip shell extension 'powershell' for command environment: Not usable outside of PowerShell
[0.209s] DEBUG:colcon.colcon_core.shell:Skip shell extension 'dsv' for command environment
[0.213s] INFO:colcon.colcon_ros.task.ament_python.build:Building ROS package in '/home/user/bot_ws/src/bot_script' with build type 'ament_python'
[0.213s] Level 1:colcon.colcon_core.shell:create_environment_hook('bot_script', 'ament_prefix_path')
[0.214s] INFO:colcon.colcon_core.shell:Creating environment hook '/home/user/bot_ws/install/bot_script/share/bot_script/hook/ament_prefix_path.ps1'
[0.214s] INFO:colcon.colcon_core.shell:Creating environment descriptor '/home/user/bot_ws/install/bot_script/share/bot_script/hook/ament_prefix_path.dsv'
[0.215s] INFO:colcon.colcon_core.shell:Creating environment hook '/home/user/bot_ws/install/bot_script/share/bot_script/hook/ament_prefix_path.sh'
[0.216s] INFO:colcon.colcon_core.shell:Skip shell extension 'powershell' for command environment: Not usable outside of PowerShell
[0.216s] DEBUG:colcon.colcon_core.shell:Skip shell extension 'dsv' for command environment
[0.225s] DEBUG:colcon.colcon_core.event_handler.log_command:Invoking command in '/home/user/bot_ws/build/bot_controller': CMAKE_PREFIX_PATH=${CMAKE_PREFIX_PATH}:/opt/ros/humble _=/usr/bin/env /usr/bin/cmake --build /home/user/bot_ws/build/bot_controller -- -j8 -l8
[0.229s] DEBUG:colcon.colcon_core.event_handler.log_command:Invoking command in '/home/user/bot_ws/build/bot_description': CMAKE_PREFIX_PATH=${CMAKE_PREFIX_PATH}:/opt/ros/humble _=/usr/bin/env /usr/bin/cmake --build /home/user/bot_ws/build/bot_description -- -j8 -l8
[0.453s] INFO:colcon.colcon_core.task.python.build:Building Python package in '/home/user/bot_ws/src/bot_script'
[0.453s] INFO:colcon.colcon_core.shell:Skip shell extension 'powershell' for command environment: Not usable outside of PowerShell
[0.453s] DEBUG:colcon.colcon_core.shell:Skip shell extension 'dsv' for command environment
[0.460s] DEBUG:colcon.colcon_core.event_handler.log_command:Invoked command in '/home/user/bot_ws/build/bot_controller' returned '0': CMAKE_PREFIX_PATH=${CMAKE_PREFIX_PATH}:/opt/ros/humble _=/usr/bin/env /usr/bin/cmake --build /home/user/bot_ws/build/bot_controller -- -j8 -l8
[0.470s] DEBUG:colcon.colcon_core.event_handler.log_command:Invoking command in '/home/user/bot_ws/build/bot_controller': CMAKE_PREFIX_PATH=${CMAKE_PREFIX_PATH}:/opt/ros/humble _=/usr/bin/env /usr/bin/cmake --install /home/user/bot_ws/build/bot_controller
[0.471s] DEBUG:colcon.colcon_core.event_handler.log_command:Invoked command in '/home/user/bot_ws/build/bot_description' returned '0': CMAKE_PREFIX_PATH=${CMAKE_PREFIX_PATH}:/opt/ros/humble _=/usr/bin/env /usr/bin/cmake --build /home/user/bot_ws/build/bot_description -- -j8 -l8
[0.474s] DEBUG:colcon.colcon_core.event_handler.log_command:Invoking command in '/home/user/bot_ws/build/bot_description': CMAKE_PREFIX_PATH=${CMAKE_PREFIX_PATH}:/opt/ros/humble _=/usr/bin/env /usr/bin/cmake --install /home/user/bot_ws/build/bot_description
[0.480s] Level 1:colcon.colcon_core.environment:create_environment_scripts_only(bot_controller)
[0.484s] DEBUG:colcon.colcon_core.event_handler.log_command:Invoked command in '/home/user/bot_ws/build/bot_controller' returned '0': CMAKE_PREFIX_PATH=${CMAKE_PREFIX_PATH}:/opt/ros/humble _=/usr/bin/env /usr/bin/cmake --install /home/user/bot_ws/build/bot_controller
[0.487s] Level 1:colcon.colcon_core.environment:checking '/home/user/bot_ws/install/bot_controller' for CMake module files
[0.488s] Level 1:colcon.colcon_core.environment:checking '/home/user/bot_ws/install/bot_controller' for CMake config files
[0.489s] Level 1:colcon.colcon_core.shell:create_environment_hook('bot_controller', 'cmake_prefix_path')
[0.490s] INFO:colcon.colcon_core.shell:Creating environment hook '/home/user/bot_ws/install/bot_controller/share/bot_controller/hook/cmake_prefix_path.ps1'
[0.491s] INFO:colcon.colcon_core.shell:Creating environment descriptor '/home/user/bot_ws/install/bot_controller/share/bot_controller/hook/cmake_prefix_path.dsv'
[0.492s] INFO:colcon.colcon_core.shell:Creating environment hook '/home/user/bot_ws/install/bot_controller/share/bot_controller/hook/cmake_prefix_path.sh'
[0.493s] Level 1:colcon.colcon_core.environment:checking '/home/user/bot_ws/install/bot_controller/bin'
[0.493s] Level 1:colcon.colcon_core.environment:checking '/home/user/bot_ws/install/bot_controller/lib/pkgconfig/bot_controller.pc'
[0.493s] Level 1:colcon.colcon_core.environment:checking '/home/user/bot_ws/install/bot_controller/lib/python3.10/site-packages'
[0.494s] Level 1:colcon.colcon_core.environment:checking '/home/user/bot_ws/install/bot_controller/bin'
[0.494s] INFO:colcon.colcon_core.shell:Creating package script '/home/user/bot_ws/install/bot_controller/share/bot_controller/package.ps1'
[0.495s] INFO:colcon.colcon_core.shell:Creating package descriptor '/home/user/bot_ws/install/bot_controller/share/bot_controller/package.dsv'
[0.496s] INFO:colcon.colcon_core.shell:Creating package script '/home/user/bot_ws/install/bot_controller/share/bot_controller/package.sh'
[0.497s] INFO:colcon.colcon_core.shell:Creating package script '/home/user/bot_ws/install/bot_controller/share/bot_controller/package.bash'
[0.497s] INFO:colcon.colcon_core.shell:Creating package script '/home/user/bot_ws/install/bot_controller/share/bot_controller/package.zsh'
[0.499s] Level 1:colcon.colcon_core.environment:create_file_with_runtime_dependencies(/home/user/bot_ws/install/bot_controller/share/colcon-core/packages/bot_controller)
[0.499s] Level 1:colcon.colcon_core.environment:create_environment_scripts_only(bot_controller)
[0.500s] Level 1:colcon.colcon_core.environment:checking '/home/user/bot_ws/install/bot_controller' for CMake module files
[0.501s] Level 1:colcon.colcon_core.environment:checking '/home/user/bot_ws/install/bot_controller' for CMake config files
[0.501s] Level 1:colcon.colcon_core.shell:create_environment_hook('bot_controller', 'cmake_prefix_path')
[0.501s] INFO:colcon.colcon_core.shell:Creating environment hook '/home/user/bot_ws/install/bot_controller/share/bot_controller/hook/cmake_prefix_path.ps1'
[0.502s] INFO:colcon.colcon_core.shell:Creating environment descriptor '/home/user/bot_ws/install/bot_controller/share/bot_controller/hook/cmake_prefix_path.dsv'
[0.502s] INFO:colcon.colcon_core.shell:Creating environment hook '/home/user/bot_ws/install/bot_controller/share/bot_controller/hook/cmake_prefix_path.sh'
[0.502s] Level 1:colcon.colcon_core.environment:checking '/home/user/bot_ws/install/bot_controller/bin'
[0.503s] Level 1:colcon.colcon_core.environment:checking '/home/user/bot_ws/install/bot_controller/lib/pkgconfig/bot_controller.pc'
[0.503s] Level 1:colcon.colcon_core.environment:checking '/home/user/bot_ws/install/bot_controller/lib/python3.10/site-packages'
[0.503s] Level 1:colcon.colcon_core.environment:checking '/home/user/bot_ws/install/bot_controller/bin'
[0.503s] INFO:colcon.colcon_core.shell:Creating package script '/home/user/bot_ws/install/bot_controller/share/bot_controller/package.ps1'
[0.504s] INFO:colcon.colcon_core.shell:Creating package descriptor '/home/user/bot_ws/install/bot_controller/share/bot_controller/package.dsv'
[0.504s] INFO:colcon.colcon_core.shell:Creating package script '/home/user/bot_ws/install/bot_controller/share/bot_controller/package.sh'
[0.505s] INFO:colcon.colcon_core.shell:Creating package script '/home/user/bot_ws/install/bot_controller/share/bot_controller/package.bash'
[0.505s] INFO:colcon.colcon_core.shell:Creating package script '/home/user/bot_ws/install/bot_controller/share/bot_controller/package.zsh'
[0.506s] Level 1:colcon.colcon_core.environment:create_file_with_runtime_dependencies(/home/user/bot_ws/install/bot_controller/share/colcon-core/packages/bot_controller)
[0.507s] Level 1:colcon.colcon_core.environment:create_environment_scripts_only(bot_description)
[0.507s] Level 1:colcon.colcon_core.environment:checking '/home/user/bot_ws/install/bot_description' for CMake module files
[0.508s] DEBUG:colcon.colcon_core.event_handler.log_command:Invoked command in '/home/user/bot_ws/build/bot_description' returned '0': CMAKE_PREFIX_PATH=${CMAKE_PREFIX_PATH}:/opt/ros/humble _=/usr/bin/env /usr/bin/cmake --install /home/user/bot_ws/build/bot_description
[0.508s] Level 1:colcon.colcon_core.environment:checking '/home/user/bot_ws/install/bot_description' for CMake config files
[0.509s] Level 1:colcon.colcon_core.shell:create_environment_hook('bot_description', 'cmake_prefix_path')
[0.509s] INFO:colcon.colcon_core.shell:Creating environment hook '/home/user/bot_ws/install/bot_description/share/bot_description/hook/cmake_prefix_path.ps1'
[0.509s] INFO:colcon.colcon_core.shell:Creating environment descriptor '/home/user/bot_ws/install/bot_description/share/bot_description/hook/cmake_prefix_path.dsv'
[0.510s] INFO:colcon.colcon_core.shell:Creating environment hook '/home/user/bot_ws/install/bot_description/share/bot_description/hook/cmake_prefix_path.sh'
[0.510s] Level 1:colcon.colcon_core.environment:checking '/home/user/bot_ws/install/bot_description/bin'
[0.510s] Level 1:colcon.colcon_core.environment:checking '/home/user/bot_ws/install/bot_description/lib/pkgconfig/bot_description.pc'
[0.511s] Level 1:colcon.colcon_core.environment:checking '/home/user/bot_ws/install/bot_description/lib/python3.10/site-packages'
[0.511s] Level 1:colcon.colcon_core.environment:checking '/home/user/bot_ws/install/bot_description/bin'
[0.511s] INFO:colcon.colcon_core.shell:Creating package script '/home/user/bot_ws/install/bot_description/share/bot_description/package.ps1'
[0.512s] INFO:colcon.colcon_core.shell:Creating package descriptor '/home/user/bot_ws/install/bot_description/share/bot_description/package.dsv'
[0.512s] INFO:colcon.colcon_core.shell:Creating package script '/home/user/bot_ws/install/bot_description/share/bot_description/package.sh'
[0.513s] INFO:colcon.colcon_core.shell:Creating package script '/home/user/bot_ws/install/bot_description/share/bot_description/package.bash'
[0.513s] INFO:colcon.colcon_core.shell:Creating package script '/home/user/bot_ws/install/bot_description/share/bot_description/package.zsh'
[0.513s] Level 1:colcon.colcon_core.environment:create_file_with_runtime_dependencies(/home/user/bot_ws/install/bot_description/share/colcon-core/packages/bot_description)
[0.514s] Level 1:colcon.colcon_core.environment:create_environment_scripts_only(bot_description)
[0.514s] Level 1:colcon.colcon_core.environment:checking '/home/user/bot_ws/install/bot_description' for CMake module files
[0.515s] Level 1:colcon.colcon_core.environment:checking '/home/user/bot_ws/install/bot_description' for CMake config files
[0.515s] Level 1:colcon.colcon_core.shell:create_environment_hook('bot_description', 'cmake_prefix_path')
[0.515s] INFO:colcon.colcon_core.shell:Creating environment hook '/home/user/bot_ws/install/bot_description/share/bot_description/hook/cmake_prefix_path.ps1'
[0.515s] INFO:colcon.colcon_core.shell:Creating environment descriptor '/home/user/bot_ws/install/bot_description/share/bot_description/hook/cmake_prefix_path.dsv'
[0.516s] INFO:colcon.colcon_core.shell:Creating environment hook '/home/user/bot_ws/install/bot_description/share/bot_description/hook/cmake_prefix_path.sh'
[0.516s] Level 1:colcon.colcon_core.environment:checking '/home/user/bot_ws/install/bot_description/bin'
[0.516s] Level 1:colcon.colcon_core.environment:checking '/home/user/bot_ws/install/bot_description/lib/pkgconfig/bot_description.pc'
[0.517s] Level 1:colcon.colcon_core.environment:checking '/home/user/bot_ws/install/bot_description/lib/python3.10/site-packages'
[0.517s] Level 1:colcon.colcon_core.environment:checking '/home/user/bot_ws/install/bot_description/bin'
[0.517s] INFO:colcon.colcon_core.shell:Creating package script '/home/user/bot_ws/install/bot_description/share/bot_description/package.ps1'
[0.518s] INFO:colcon.colcon_core.shell:Creating package descriptor '/home/user/bot_ws/install/bot_description/share/bot_description/package.dsv'
[0.518s] INFO:colcon.colcon_core.shell:Creating package script '/home/user/bot_ws/install/bot_description/share/bot_description/package.sh'
[0.519s] INFO:colcon.colcon_core.shell:Creating package script '/home/user/bot_ws/install/bot_description/share/bot_description/package.bash'
[0.519s] INFO:colcon.colcon_core.shell:Creating package script '/home/user/bot_ws/install/bot_description/share/bot_description/package.zsh'
[0.519s] Level 1:colcon.colcon_core.environment:create_file_with_runtime_dependencies(/home/user/bot_ws/install/bot_description/share/colcon-core/packages/bot_description)
[0.989s] DEBUG:colcon.colcon_core.event_handler.log_command:Invoking command in '/home/user/bot_ws/src/bot_script': PYTHONPATH=/home/user/bot_ws/build/bot_script/prefix_override:/usr/lib/python3/dist-packages/colcon_core/task/python/colcon_distutils_commands:/home/user/bot_ws/install/bot_script/lib/python3.10/site-packages:${PYTHONPATH} _=/usr/bin/env /usr/bin/python3 -W ignore:setup.py install is deprecated -W ignore:easy_install command is deprecated setup.py egg_info --egg-base ../../build/bot_script build --build-base /home/user/bot_ws/build/bot_script/build install --record /home/user/bot_ws/build/bot_script/install.log --single-version-externally-managed install_data
[1.460s] Level 1:colcon.colcon_core.environment:checking '/home/user/bot_ws/install/bot_script' for CMake module files
[1.461s] DEBUG:colcon.colcon_core.event_handler.log_command:Invoked command in '/home/user/bot_ws/src/bot_script' returned '0': PYTHONPATH=/home/user/bot_ws/build/bot_script/prefix_override:/usr/lib/python3/dist-packages/colcon_core/task/python/colcon_distutils_commands:/home/user/bot_ws/install/bot_script/lib/python3.10/site-packages:${PYTHONPATH} _=/usr/bin/env /usr/bin/python3 -W ignore:setup.py install is deprecated -W ignore:easy_install command is deprecated setup.py egg_info --egg-base ../../build/bot_script build --build-base /home/user/bot_ws/build/bot_script/build install --record /home/user/bot_ws/build/bot_script/install.log --single-version-externally-managed install_data
[1.461s] Level 1:colcon.colcon_core.environment:checking '/home/user/bot_ws/install/bot_script' for CMake config files
[1.462s] Level 1:colcon.colcon_core.environment:checking '/home/user/bot_ws/install/bot_script/lib'
[1.462s] Level 1:colcon.colcon_core.environment:checking '/home/user/bot_ws/install/bot_script/bin'
[1.462s] Level 1:colcon.colcon_core.environment:checking '/home/user/bot_ws/install/bot_script/lib/pkgconfig/bot_script.pc'
[1.463s] Level 1:colcon.colcon_core.environment:checking '/home/user/bot_ws/install/bot_script/lib/python3.10/site-packages'
[1.463s] Level 1:colcon.colcon_core.shell:create_environment_hook('bot_script', 'pythonpath')
[1.463s] INFO:colcon.colcon_core.shell:Creating environment hook '/home/user/bot_ws/install/bot_script/share/bot_script/hook/pythonpath.ps1'
[1.464s] INFO:colcon.colcon_core.shell:Creating environment descriptor '/home/user/bot_ws/install/bot_script/share/bot_script/hook/pythonpath.dsv'
[1.464s] INFO:colcon.colcon_core.shell:Creating environment hook '/home/user/bot_ws/install/bot_script/share/bot_script/hook/pythonpath.sh'
[1.465s] Level 1:colcon.colcon_core.environment:checking '/home/user/bot_ws/install/bot_script/bin'
[1.465s] Level 1:colcon.colcon_core.environment:create_environment_scripts_only(bot_script)
[1.465s] INFO:colcon.colcon_core.shell:Creating package script '/home/user/bot_ws/install/bot_script/share/bot_script/package.ps1'
[1.465s] INFO:colcon.colcon_core.shell:Creating package descriptor '/home/user/bot_ws/install/bot_script/share/bot_script/package.dsv'
[1.466s] INFO:colcon.colcon_core.shell:Creating package script '/home/user/bot_ws/install/bot_script/share/bot_script/package.sh'
[1.466s] INFO:colcon.colcon_core.shell:Creating package script '/home/user/bot_ws/install/bot_script/share/bot_script/package.bash'
[1.467s] INFO:colcon.colcon_core.shell:Creating package script '/home/user/bot_ws/install/bot_script/share/bot_script/package.zsh'
[1.467s] Level 1:colcon.colcon_core.environment:create_file_with_runtime_dependencies(/home/user/bot_ws/install/bot_script/share/colcon-core/packages/bot_script)
[1.467s] INFO:colcon.colcon_ros.task.ament_cmake.build:Building ROS package in '/home/user/bot_ws/src/bot_bringup' with build type 'ament_cmake'
[1.467s] INFO:colcon.colcon_cmake.task.cmake.build:Building CMake package in '/home/user/bot_ws/src/bot_bringup'
[1.468s] INFO:colcon.colcon_core.shell:Skip shell extension 'powershell' for command environment: Not usable outside of PowerShell
[1.468s] DEBUG:colcon.colcon_core.shell:Skip shell extension 'dsv' for command environment
[1.487s] DEBUG:colcon.colcon_core.event_handler.log_command:Invoking command in '/home/user/bot_ws/build/bot_bringup': AMENT_PREFIX_PATH=/home/user/bot_ws/install/bot_script:${AMENT_PREFIX_PATH} CMAKE_PREFIX_PATH=/home/user/bot_ws/install/bot_description:/home/user/bot_ws/install/bot_controller:/opt/ros/humble PYTHONPATH=/home/user/bot_ws/install/bot_script/lib/python3.10/site-packages:${PYTHONPATH} _=/usr/bin/env /usr/bin/cmake /home/user/bot_ws/src/bot_bringup -DCMAKE_INSTALL_PREFIX=/home/user/bot_ws/install/bot_bringup
[2.402s] DEBUG:colcon.colcon_core.event_handler.log_command:Invoked command in '/home/user/bot_ws/build/bot_bringup' returned '0': AMENT_PREFIX_PATH=/home/user/bot_ws/install/bot_script:${AMENT_PREFIX_PATH} CMAKE_PREFIX_PATH=/home/user/bot_ws/install/bot_description:/home/user/bot_ws/install/bot_controller:/opt/ros/humble PYTHONPATH=/home/user/bot_ws/install/bot_script/lib/python3.10/site-packages:${PYTHONPATH} _=/usr/bin/env /usr/bin/cmake /home/user/bot_ws/src/bot_bringup -DCMAKE_INSTALL_PREFIX=/home/user/bot_ws/install/bot_bringup
[2.405s] DEBUG:colcon.colcon_core.event_handler.log_command:Invoking command in '/home/user/bot_ws/build/bot_bringup': AMENT_PREFIX_PATH=/home/user/bot_ws/install/bot_script:${AMENT_PREFIX_PATH} CMAKE_PREFIX_PATH=/home/user/bot_ws/install/bot_description:/home/user/bot_ws/install/bot_controller:/opt/ros/humble PYTHONPATH=/home/user/bot_ws/install/bot_script/lib/python3.10/site-packages:${PYTHONPATH} _=/usr/bin/env /usr/bin/cmake --build /home/user/bot_ws/build/bot_bringup -- -j8 -l8
[2.440s] DEBUG:colcon.colcon_core.event_handler.log_command:Invoked command in '/home/user/bot_ws/build/bot_bringup' returned '0': AMENT_PREFIX_PATH=/home/user/bot_ws/install/bot_script:${AMENT_PREFIX_PATH} CMAKE_PREFIX_PATH=/home/user/bot_ws/install/bot_description:/home/user/bot_ws/install/bot_controller:/opt/ros/humble PYTHONPATH=/home/user/bot_ws/install/bot_script/lib/python3.10/site-packages:${PYTHONPATH} _=/usr/bin/env /usr/bin/cmake --build /home/user/bot_ws/build/bot_bringup -- -j8 -l8
[2.442s] DEBUG:colcon.colcon_core.event_handler.log_command:Invoking command in '/home/user/bot_ws/build/bot_bringup': AMENT_PREFIX_PATH=/home/user/bot_ws/install/bot_script:${AMENT_PREFIX_PATH} CMAKE_PREFIX_PATH=/home/user/bot_ws/install/bot_description:/home/user/bot_ws/install/bot_controller:/opt/ros/humble PYTHONPATH=/home/user/bot_ws/install/bot_script/lib/python3.10/site-packages:${PYTHONPATH} _=/usr/bin/env /usr/bin/cmake --install /home/user/bot_ws/build/bot_bringup
[2.453s] Level 1:colcon.colcon_core.environment:create_environment_scripts_only(bot_bringup)
[2.453s] Level 1:colcon.colcon_core.environment:checking '/home/user/bot_ws/install/bot_bringup' for CMake module files
[2.454s] DEBUG:colcon.colcon_core.event_handler.log_command:Invoked command in '/home/user/bot_ws/build/bot_bringup' returned '0': AMENT_PREFIX_PATH=/home/user/bot_ws/install/bot_script:${AMENT_PREFIX_PATH} CMAKE_PREFIX_PATH=/home/user/bot_ws/install/bot_description:/home/user/bot_ws/install/bot_controller:/opt/ros/humble PYTHONPATH=/home/user/bot_ws/install/bot_script/lib/python3.10/site-packages:${PYTHONPATH} _=/usr/bin/env /usr/bin/cmake --install /home/user/bot_ws/build/bot_bringup
[2.454s] Level 1:colcon.colcon_core.environment:checking '/home/user/bot_ws/install/bot_bringup' for CMake config files
[2.454s] Level 1:colcon.colcon_core.shell:create_environment_hook('bot_bringup', 'cmake_prefix_path')
[2.454s] INFO:colcon.colcon_core.shell:Creating environment hook '/home/user/bot_ws/install/bot_bringup/share/bot_bringup/hook/cmake_prefix_path.ps1'
[2.455s] INFO:colcon.colcon_core.shell:Creating environment descriptor '/home/user/bot_ws/install/bot_bringup/share/bot_bringup/hook/cmake_prefix_path.dsv'
[2.455s] INFO:colcon.colcon_core.shell:Creating environment hook '/home/user/bot_ws/install/bot_bringup/share/bot_bringup/hook/cmake_prefix_path.sh'
[2.456s] Level 1:colcon.colcon_core.environment:checking '/home/user/bot_ws/install/bot_bringup/bin'
[2.456s] Level 1:colcon.colcon_core.environment:checking '/home/user/bot_ws/install/bot_bringup/lib/pkgconfig/bot_bringup.pc'
[2.456s] Level 1:colcon.colcon_core.environment:checking '/home/user/bot_ws/install/bot_bringup/lib/python3.10/site-packages'
[2.457s] Level 1:colcon.colcon_core.environment:checking '/home/user/bot_ws/install/bot_bringup/bin'
[2.457s] INFO:colcon.colcon_core.shell:Creating package script '/home/user/bot_ws/install/bot_bringup/share/bot_bringup/package.ps1'
[2.458s] INFO:colcon.colcon_core.shell:Creating package descriptor '/home/user/bot_ws/install/bot_bringup/share/bot_bringup/package.dsv'
[2.458s] INFO:colcon.colcon_core.shell:Creating package script '/home/user/bot_ws/install/bot_bringup/share/bot_bringup/package.sh'
[2.459s] INFO:colcon.colcon_core.shell:Creating package script '/home/user/bot_ws/install/bot_bringup/share/bot_bringup/package.bash'
[2.459s] INFO:colcon.colcon_core.shell:Creating package script '/home/user/bot_ws/install/bot_bringup/share/bot_bringup/package.zsh'
[2.460s] Level 1:colcon.colcon_core.environment:create_file_with_runtime_dependencies(/home/user/bot_ws/install/bot_bringup/share/colcon-core/packages/bot_bringup)
[2.460s] Level 1:colcon.colcon_core.environment:create_environment_scripts_only(bot_bringup)
[2.460s] Level 1:colcon.colcon_core.environment:checking '/home/user/bot_ws/install/bot_bringup' for CMake module files
[2.461s] Level 1:colcon.colcon_core.environment:checking '/home/user/bot_ws/install/bot_bringup' for CMake config files
[2.461s] Level 1:colcon.colcon_core.shell:create_environment_hook('bot_bringup', 'cmake_prefix_path')
[2.461s] INFO:colcon.colcon_core.shell:Creating environment hook '/home/user/bot_ws/install/bot_bringup/share/bot_bringup/hook/cmake_prefix_path.ps1'
[2.461s] INFO:colcon.colcon_core.shell:Creating environment descriptor '/home/user/bot_ws/install/bot_bringup/share/bot_bringup/hook/cmake_prefix_path.dsv'
[2.462s] INFO:colcon.colcon_core.shell:Creating environment hook '/home/user/bot_ws/install/bot_bringup/share/bot_bringup/hook/cmake_prefix_path.sh'
[2.462s] Level 1:colcon.colcon_core.environment:checking '/home/user/bot_ws/install/bot_bringup/bin'
[2.463s] Level 1:colcon.colcon_core.environment:checking '/home/user/bot_ws/install/bot_bringup/lib/pkgconfig/bot_bringup.pc'
[2.463s] Level 1:colcon.colcon_core.environment:checking '/home/user/bot_ws/install/bot_bringup/lib/python3.10/site-packages'
[2.463s] Level 1:colcon.colcon_core.environment:checking '/home/user/bot_ws/install/bot_bringup/bin'
[2.464s] INFO:colcon.colcon_core.shell:Creating package script '/home/user/bot_ws/install/bot_bringup/share/bot_bringup/package.ps1'
[2.464s] INFO:colcon.colcon_core.shell:Creating package descriptor '/home/user/bot_ws/install/bot_bringup/share/bot_bringup/package.dsv'
[2.465s] INFO:colcon.colcon_core.shell:Creating package script '/home/user/bot_ws/install/bot_bringup/share/bot_bringup/package.sh'
[2.465s] INFO:colcon.colcon_core.shell:Creating package script '/home/user/bot_ws/install/bot_bringup/share/bot_bringup/package.bash'
[2.465s] INFO:colcon.colcon_core.shell:Creating package script '/home/user/bot_ws/install/bot_bringup/share/bot_bringup/package.zsh'
[2.466s] Level 1:colcon.colcon_core.environment:create_file_with_runtime_dependencies(/home/user/bot_ws/install/bot_bringup/share/colcon-core/packages/bot_bringup)
[2.466s] DEBUG:colcon.colcon_parallel_executor.executor.parallel:closing loop
[2.466s] DEBUG:colcon.colcon_parallel_executor.executor.parallel:loop closed
[2.467s] DEBUG:colcon.colcon_parallel_executor.executor.parallel:run_until_complete finished with '0'
[2.467s] DEBUG:colcon.colcon_core.event_reactor:joining thread
[2.477s] INFO:colcon.colcon_core.plugin_system:Skipping extension 'colcon_notification.desktop_notification.notify_send': Could not find 'notify-send'
[2.478s] INFO:colcon.colcon_core.plugin_system:Skipping extension 'colcon_notification.desktop_notification.terminal_notifier': Not used on non-Darwin systems
[2.478s] INFO:colcon.colcon_core.plugin_system:Skipping extension 'colcon_notification.desktop_notification.win32': Not used on non-Windows systems
[2.478s] INFO:colcon.colcon_notification.desktop_notification:Sending desktop notification using 'notify2'
[2.479s] DEBUG:colcon.colcon_notification.desktop_notification.notify2:Failed to initialize notify2: org.freedesktop.DBus.Error.Spawn.ExecFailed: /usr/bin/dbus-launch terminated abnormally without any error message
[2.480s] DEBUG:colcon.colcon_core.event_reactor:joined thread
[2.480s] INFO:colcon.colcon_core.shell:Creating prefix script '/home/user/bot_ws/install/local_setup.ps1'
[2.481s] INFO:colcon.colcon_core.shell:Creating prefix util module '/home/user/bot_ws/install/_local_setup_util_ps1.py'
[2.483s] INFO:colcon.colcon_core.shell:Creating prefix chain script '/home/user/bot_ws/install/setup.ps1'
[2.484s] INFO:colcon.colcon_core.shell:Creating prefix script '/home/user/bot_ws/install/local_setup.sh'
[2.484s] INFO:colcon.colcon_core.shell:Creating prefix util module '/home/user/bot_ws/install/_local_setup_util_sh.py'
[2.485s] INFO:colcon.colcon_core.shell:Creating prefix chain script '/home/user/bot_ws/install/setup.sh'
[2.486s] INFO:colcon.colcon_core.shell:Creating prefix script '/home/user/bot_ws/install/local_setup.bash'
[2.487s] INFO:colcon.colcon_core.shell:Creating prefix chain script '/home/user/bot_ws/install/setup.bash'
[2.488s] INFO:colcon.colcon_core.shell:Creating prefix script '/home/user/bot_ws/install/local_setup.zsh'
[2.488s] INFO:colcon.colcon_core.shell:Creating prefix chain script '/home/user/bot_ws/install/setup.zsh'
