[0.024s] Invoking command in '/home/user/bot_ws/build/bot_description': CMAKE_PREFIX_PATH=/opt/ros/humble _=/usr/bin/env /usr/bin/cmake /home/user/bot_ws/src/bot_description -DCMAKE_INSTALL_PREFIX=/home/user/bot_ws/install/bot_description
[0.428s] -- The C compiler identification is GNU 11.4.0
[0.631s] -- The CXX compiler identification is GNU 11.4.0
[0.652s] -- Detecting C compiler ABI info
[0.748s] -- Detecting C compiler ABI info - done
[0.755s] -- Check for working C compiler: /usr/bin/cc - skipped
[0.756s] -- Detecting C compile features
[0.758s] -- Detecting C compile features - done
[0.763s] -- Detecting CXX compiler ABI info
[0.858s] -- Detecting CXX compiler ABI info - done
[0.865s] -- Check for working CXX compiler: /usr/bin/c++ - skipped
[0.865s] -- Detecting CXX compile features
[0.866s] -- Detecting CXX compile features - done
[0.877s] -- Found ament_cmake: 1.3.12 (/opt/ros/humble/share/ament_cmake/cmake)
[1.315s] -- Found Python3: /usr/bin/python3 (found version "3.10.12") found components: Interpreter 
[1.523s] -- Found ament_lint_auto: 0.12.14 (/opt/ros/humble/share/ament_lint_auto/cmake)
[1.659s] -- Added test 'flake8' to check Python code syntax and style conventions
[1.660s] -- Added test 'lint_cmake' to check CMake code style
[1.661s] -- Added test 'pep257' to check Python code against some of the docstring style conventions in PEP 257
[1.664s] -- Added test 'xmllint' to check XML markup files
[1.666s] -- Configuring done
[1.669s] -- Generating done
[1.671s] -- Build files have been written to: /home/user/bot_ws/build/bot_description
[1.677s] Invoked command in '/home/user/bot_ws/build/bot_description' returned '0': CMAKE_PREFIX_PATH=/opt/ros/humble _=/usr/bin/env /usr/bin/cmake /home/user/bot_ws/src/bot_description -DCMAKE_INSTALL_PREFIX=/home/user/bot_ws/install/bot_description
[1.679s] Invoking command in '/home/user/bot_ws/build/bot_description': CMAKE_PREFIX_PATH=/opt/ros/humble _=/usr/bin/env /usr/bin/cmake --build /home/user/bot_ws/build/bot_description -- -j8 -l8
[1.726s] Invoked command in '/home/user/bot_ws/build/bot_description' returned '0': CMAKE_PREFIX_PATH=/opt/ros/humble _=/usr/bin/env /usr/bin/cmake --build /home/user/bot_ws/build/bot_description -- -j8 -l8
[1.738s] Invoking command in '/home/user/bot_ws/build/bot_description': CMAKE_PREFIX_PATH=/opt/ros/humble _=/usr/bin/env /usr/bin/cmake --install /home/user/bot_ws/build/bot_description
[1.745s] -- Install configuration: ""
[1.745s] -- Installing: /home/user/bot_ws/install/bot_description/share/bot_description/launch
[1.746s] -- Installing: /home/user/bot_ws/install/bot_description/share/bot_description/launch/display.launch.py
[1.746s] -- Installing: /home/user/bot_ws/install/bot_description/share/bot_description/models
[1.746s] -- Installing: /home/user/bot_ws/install/bot_description/share/bot_description/urdf
[1.746s] -- Installing: /home/user/bot_ws/install/bot_description/share/bot_description/urdf/bot_base.xacro
[1.747s] -- Installing: /home/user/bot_ws/install/bot_description/share/bot_description/urdf/bot.urdf.xacro
[1.747s] -- Installing: /home/user/bot_ws/install/bot_description/share/bot_description/rviz
[1.747s] -- Installing: /home/user/bot_ws/install/bot_description/share/bot_description/rviz/display.rviz
[1.747s] -- Installing: /home/user/bot_ws/install/bot_description/share/bot_description/worlds
[1.747s] -- Installing: /home/user/bot_ws/install/bot_description/share/ament_index/resource_index/package_run_dependencies/bot_description
[1.747s] -- Installing: /home/user/bot_ws/install/bot_description/share/ament_index/resource_index/parent_prefix_path/bot_description
[1.748s] -- Installing: /home/user/bot_ws/install/bot_description/share/bot_description/environment/ament_prefix_path.sh
[1.748s] -- Installing: /home/user/bot_ws/install/bot_description/share/bot_description/environment/ament_prefix_path.dsv
[1.748s] -- Installing: /home/user/bot_ws/install/bot_description/share/bot_description/environment/path.sh
[1.748s] -- Installing: /home/user/bot_ws/install/bot_description/share/bot_description/environment/path.dsv
[1.748s] -- Installing: /home/user/bot_ws/install/bot_description/share/bot_description/local_setup.bash
[1.748s] -- Installing: /home/user/bot_ws/install/bot_description/share/bot_description/local_setup.sh
[1.748s] -- Installing: /home/user/bot_ws/install/bot_description/share/bot_description/local_setup.zsh
[1.749s] -- Installing: /home/user/bot_ws/install/bot_description/share/bot_description/local_setup.dsv
[1.749s] -- Installing: /home/user/bot_ws/install/bot_description/share/bot_description/package.dsv
[1.749s] -- Installing: /home/user/bot_ws/install/bot_description/share/ament_index/resource_index/packages/bot_description
[1.749s] -- Installing: /home/user/bot_ws/install/bot_description/share/bot_description/cmake/bot_descriptionConfig.cmake
[1.749s] -- Installing: /home/user/bot_ws/install/bot_description/share/bot_description/cmake/bot_descriptionConfig-version.cmake
[1.749s] -- Installing: /home/user/bot_ws/install/bot_description/share/bot_description/package.xml
[1.751s] Invoked command in '/home/user/bot_ws/build/bot_description' returned '0': CMAKE_PREFIX_PATH=/opt/ros/humble _=/usr/bin/env /usr/bin/cmake --install /home/user/bot_ws/build/bot_description
