[0.015s] Invoking command in '/home/user/bot_ws/build/bot_description': CMAKE_PREFIX_PATH=${CMAKE_PREFIX_PATH}:/opt/ros/humble _=/usr/bin/env /usr/bin/cmake --build /home/user/bot_ws/build/bot_description -- -j8 -l8
[0.053s] -- Found ament_cmake: 1.3.12 (/opt/ros/humble/share/ament_cmake/cmake)
[0.262s] -- Found ament_lint_auto: 0.12.14 (/opt/ros/humble/share/ament_lint_auto/cmake)
[0.365s] -- Added test 'flake8' to check Python code syntax and style conventions
[0.366s] -- Added test 'lint_cmake' to check CMake code style
[0.367s] -- Added test 'pep257' to check Python code against some of the docstring style conventions in PEP 257
[0.370s] -- Added test 'xmllint' to check XML markup files
[0.374s] -- Configuring done
[0.383s] -- Generating done
[0.386s] -- Build files have been written to: /home/user/bot_ws/build/bot_description
[0.406s] Invoked command in '/home/user/bot_ws/build/bot_description' returned '0': CMAKE_PREFIX_PATH=${CMAKE_PREFIX_PATH}:/opt/ros/humble _=/usr/bin/env /usr/bin/cmake --build /home/user/bot_ws/build/bot_description -- -j8 -l8
[0.416s] Invoking command in '/home/user/bot_ws/build/bot_description': CMAKE_PREFIX_PATH=${CMAKE_PREFIX_PATH}:/opt/ros/humble _=/usr/bin/env /usr/bin/cmake --install /home/user/bot_ws/build/bot_description
[0.422s] -- Install configuration: ""
[0.422s] -- Up-to-date: /home/user/bot_ws/install/bot_description/share/bot_description/launch
[0.422s] -- Installing: /home/user/bot_ws/install/bot_description/share/bot_description/launch/gazebo.launch.py
[0.422s] -- Up-to-date: /home/user/bot_ws/install/bot_description/share/bot_description/launch/display.launch.py
[0.423s] -- Up-to-date: /home/user/bot_ws/install/bot_description/share/bot_description/models
[0.423s] -- Up-to-date: /home/user/bot_ws/install/bot_description/share/bot_description/models/aws_robomaker_residential_CoffeeTable_01
[0.423s] -- Up-to-date: /home/user/bot_ws/install/bot_description/share/bot_description/models/aws_robomaker_residential_CoffeeTable_01/materials
[0.424s] -- Up-to-date: /home/user/bot_ws/install/bot_description/share/bot_description/models/aws_robomaker_residential_CoffeeTable_01/materials/textures
[0.424s] -- Up-to-date: /home/user/bot_ws/install/bot_description/share/bot_description/models/aws_robomaker_residential_CoffeeTable_01/materials/textures/aws_CoffeeTable_01.png
[0.424s] -- Up-to-date: /home/user/bot_ws/install/bot_description/share/bot_description/models/aws_robomaker_residential_CoffeeTable_01/model.sdf
[0.424s] -- Up-to-date: /home/user/bot_ws/install/bot_description/share/bot_description/models/aws_robomaker_residential_CoffeeTable_01/meshes
[0.424s] -- Up-to-date: /home/user/bot_ws/install/bot_description/share/bot_description/models/aws_robomaker_residential_CoffeeTable_01/meshes/aws_CoffeeTable_01_visual.DAE
[0.424s] -- Up-to-date: /home/user/bot_ws/install/bot_description/share/bot_description/models/aws_robomaker_residential_CoffeeTable_01/meshes/aws_CoffeeTable_01_collision.DAE
[0.424s] -- Up-to-date: /home/user/bot_ws/install/bot_description/share/bot_description/models/aws_robomaker_residential_CoffeeTable_01/model.config
[0.424s] -- Up-to-date: /home/user/bot_ws/install/bot_description/share/bot_description/urdf
[0.425s] -- Up-to-date: /home/user/bot_ws/install/bot_description/share/bot_description/urdf/bot_base.xacro
[0.425s] -- Up-to-date: /home/user/bot_ws/install/bot_description/share/bot_description/urdf/bot_sensors.xacro
[0.425s] -- Installing: /home/user/bot_ws/install/bot_description/share/bot_description/urdf/bot.urdf.xacro
[0.425s] -- Installing: /home/user/bot_ws/install/bot_description/share/bot_description/urdf/ros2_control.xacro
[0.425s] -- Installing: /home/user/bot_ws/install/bot_description/share/bot_description/urdf/gazebo.xacro
[0.425s] -- Up-to-date: /home/user/bot_ws/install/bot_description/share/bot_description/rviz
[0.425s] -- Up-to-date: /home/user/bot_ws/install/bot_description/share/bot_description/rviz/display.rviz
[0.425s] -- Up-to-date: /home/user/bot_ws/install/bot_description/share/bot_description/worlds
[0.425s] -- Up-to-date: /home/user/bot_ws/install/bot_description/share/bot_description/worlds/empty_table.world
[0.425s] -- Up-to-date: /home/user/bot_ws/install/bot_description/share/bot_description/worlds/empty.world
[0.426s] -- Up-to-date: /home/user/bot_ws/install/bot_description/share/ament_index/resource_index/package_run_dependencies/bot_description
[0.426s] -- Installing: /home/user/bot_ws/install/bot_description/share/ament_index/resource_index/parent_prefix_path/bot_description
[0.426s] -- Up-to-date: /home/user/bot_ws/install/bot_description/share/bot_description/environment/ament_prefix_path.sh
[0.426s] -- Installing: /home/user/bot_ws/install/bot_description/share/bot_description/environment/ament_prefix_path.dsv
[0.426s] -- Up-to-date: /home/user/bot_ws/install/bot_description/share/bot_description/environment/path.sh
[0.426s] -- Installing: /home/user/bot_ws/install/bot_description/share/bot_description/environment/path.dsv
[0.427s] -- Up-to-date: /home/user/bot_ws/install/bot_description/share/bot_description/local_setup.bash
[0.427s] -- Up-to-date: /home/user/bot_ws/install/bot_description/share/bot_description/local_setup.sh
[0.428s] -- Up-to-date: /home/user/bot_ws/install/bot_description/share/bot_description/local_setup.zsh
[0.428s] -- Installing: /home/user/bot_ws/install/bot_description/share/bot_description/local_setup.dsv
[0.428s] -- Installing: /home/user/bot_ws/install/bot_description/share/bot_description/package.dsv
[0.428s] -- Up-to-date: /home/user/bot_ws/install/bot_description/share/ament_index/resource_index/packages/bot_description
[0.429s] -- Up-to-date: /home/user/bot_ws/install/bot_description/share/bot_description/cmake/bot_descriptionConfig.cmake
[0.429s] -- Up-to-date: /home/user/bot_ws/install/bot_description/share/bot_description/cmake/bot_descriptionConfig-version.cmake
[0.429s] -- Installing: /home/user/bot_ws/install/bot_description/share/bot_description/package.xml
[0.429s] Invoked command in '/home/user/bot_ws/build/bot_description' returned '0': CMAKE_PREFIX_PATH=${CMAKE_PREFIX_PATH}:/opt/ros/humble _=/usr/bin/env /usr/bin/cmake --install /home/user/bot_ws/build/bot_description
