[0.028s] Invoking command in '/home/user/bot_ws/build/bot_description': CMAKE_PREFIX_PATH=${CMAKE_PREFIX_PATH}:/opt/ros/humble _=/usr/bin/env /usr/bin/cmake --build /home/user/bot_ws/build/bot_description -- -j8 -l8
[0.065s] Invoked command in '/home/user/bot_ws/build/bot_description' returned '0': CMAKE_PREFIX_PATH=${CMAKE_PREFIX_PATH}:/opt/ros/humble _=/usr/bin/env /usr/bin/cmake --build /home/user/bot_ws/build/bot_description -- -j8 -l8
[0.075s] Invoking command in '/home/user/bot_ws/build/bot_description': CMAKE_PREFIX_PATH=${CMAKE_PREFIX_PATH}:/opt/ros/humble _=/usr/bin/env /usr/bin/cmake --install /home/user/bot_ws/build/bot_description
[0.081s] -- Install configuration: ""
[0.081s] -- Up-to-date: /home/user/bot_ws/install/bot_description/share/bot_description/launch
[0.081s] -- Up-to-date: /home/user/bot_ws/install/bot_description/share/bot_description/launch/display.launch.py
[0.081s] -- Up-to-date: /home/user/bot_ws/install/bot_description/share/bot_description/models
[0.082s] -- Up-to-date: /home/user/bot_ws/install/bot_description/share/bot_description/urdf
[0.082s] -- Installing: /home/user/bot_ws/install/bot_description/share/bot_description/urdf/bot_base.xacro
[0.082s] -- Up-to-date: /home/user/bot_ws/install/bot_description/share/bot_description/urdf/bot.urdf.xacro
[0.082s] -- Up-to-date: /home/user/bot_ws/install/bot_description/share/bot_description/rviz
[0.082s] -- Up-to-date: /home/user/bot_ws/install/bot_description/share/bot_description/rviz/display.rviz
[0.082s] -- Up-to-date: /home/user/bot_ws/install/bot_description/share/bot_description/worlds
[0.082s] -- Up-to-date: /home/user/bot_ws/install/bot_description/share/ament_index/resource_index/package_run_dependencies/bot_description
[0.083s] -- Up-to-date: /home/user/bot_ws/install/bot_description/share/ament_index/resource_index/parent_prefix_path/bot_description
[0.083s] -- Up-to-date: /home/user/bot_ws/install/bot_description/share/bot_description/environment/ament_prefix_path.sh
[0.083s] -- Up-to-date: /home/user/bot_ws/install/bot_description/share/bot_description/environment/ament_prefix_path.dsv
[0.083s] -- Up-to-date: /home/user/bot_ws/install/bot_description/share/bot_description/environment/path.sh
[0.083s] -- Up-to-date: /home/user/bot_ws/install/bot_description/share/bot_description/environment/path.dsv
[0.083s] -- Up-to-date: /home/user/bot_ws/install/bot_description/share/bot_description/local_setup.bash
[0.083s] -- Up-to-date: /home/user/bot_ws/install/bot_description/share/bot_description/local_setup.sh
[0.083s] -- Up-to-date: /home/user/bot_ws/install/bot_description/share/bot_description/local_setup.zsh
[0.083s] -- Up-to-date: /home/user/bot_ws/install/bot_description/share/bot_description/local_setup.dsv
[0.083s] -- Installing: /home/user/bot_ws/install/bot_description/share/bot_description/package.dsv
[0.083s] -- Up-to-date: /home/user/bot_ws/install/bot_description/share/ament_index/resource_index/packages/bot_description
[0.083s] -- Up-to-date: /home/user/bot_ws/install/bot_description/share/bot_description/cmake/bot_descriptionConfig.cmake
[0.083s] -- Up-to-date: /home/user/bot_ws/install/bot_description/share/bot_description/cmake/bot_descriptionConfig-version.cmake
[0.083s] -- Up-to-date: /home/user/bot_ws/install/bot_description/share/bot_description/package.xml
[0.085s] Invoked command in '/home/user/bot_ws/build/bot_description' returned '0': CMAKE_PREFIX_PATH=${CMAKE_PREFIX_PATH}:/opt/ros/humble _=/usr/bin/env /usr/bin/cmake --install /home/user/bot_ws/build/bot_description
