-- The C compiler identification is GNU 11.4.0
-- The CXX compiler identification is GNU 11.4.0
-- Detecting C compiler ABI info
-- Detecting C compiler ABI info - done
-- Check for working C compiler: /usr/bin/cc - skipped
-- Detecting C compile features
-- Detecting C compile features - done
-- Detecting CXX compiler ABI info
-- Detecting CXX compiler ABI info - done
-- Check for working CXX compiler: /usr/bin/c++ - skipped
-- Detecting CXX compile features
-- Detecting CXX compile features - done
-- Found ament_cmake: 1.3.12 (/opt/ros/humble/share/ament_cmake/cmake)
-- Found Python3: /usr/bin/python3 (found version "3.10.12") found components: Interpreter 
-- Found rclcpp: 16.0.16 (/opt/ros/humble/share/rclcpp/cmake)
-- Found rosidl_generator_c: 3.1.7 (/opt/ros/humble/share/rosidl_generator_c/cmake)
-- Found rosidl_adapter: 3.1.7 (/opt/ros/humble/share/rosidl_adapter/cmake)
-- Found rosidl_generator_cpp: 3.1.7 (/opt/ros/humble/share/rosidl_generator_cpp/cmake)
-- Using all available rosidl_typesupport_c: rosidl_typesupport_fastrtps_c;rosidl_typesupport_introspection_c
-- Using all available rosidl_typesupport_cpp: rosidl_typesupport_fastrtps_cpp;rosidl_typesupport_introspection_cpp
-- Found rmw_implementation_cmake: 6.1.2 (/opt/ros/humble/share/rmw_implementation_cmake/cmake)
-- Found rmw_fastrtps_cpp: 6.2.9 (/opt/ros/humble/share/rmw_fastrtps_cpp/cmake)
-- Found OpenSSL: /usr/lib/x86_64-linux-gnu/libcrypto.so (found version "3.0.2")  
-- Found FastRTPS: /opt/ros/humble/include  
-- Using RMW implementation 'rmw_fastrtps_cpp' as default
-- Looking for pthread.h
-- Looking for pthread.h - found
-- Performing Test CMAKE_HAVE_LIBC_PTHREAD
-- Performing Test CMAKE_HAVE_LIBC_PTHREAD - Success
-- Found Threads: TRUE  
-- Found rclpy: 3.3.19 (/opt/ros/humble/share/rclpy/cmake)
-- Found geometry_msgs: 4.9.0 (/opt/ros/humble/share/geometry_msgs/cmake)
-- Found sensor_msgs: 4.9.0 (/opt/ros/humble/share/sensor_msgs/cmake)
-- Found nav_msgs: 4.9.0 (/opt/ros/humble/share/nav_msgs/cmake)
-- Found tf2_ros: 0.25.17 (/opt/ros/humble/share/tf2_ros/cmake)
-- Found trajectory_msgs: 4.9.0 (/opt/ros/humble/share/trajectory_msgs/cmake)
-- Found twist_mux_msgs: 3.0.1 (/opt/ros/humble/share/twist_mux_msgs/cmake)
-- Configuring done
-- Generating done
-- Build files have been written to: /home/user/bot_ws/build/bot_controller
-- Install configuration: ""
-- Installing: /home/user/bot_ws/install/bot_controller/include/include
-- Installing: /home/user/bot_ws/install/bot_controller/include/include/bot_controller
-- Installing: /home/user/bot_ws/install/bot_controller/share/bot_controller/launch
-- Installing: /home/user/bot_ws/install/bot_controller/share/bot_controller/launch/controller.launch.py
-- Installing: /home/user/bot_ws/install/bot_controller/share/bot_controller/config
-- Installing: /home/user/bot_ws/install/bot_controller/share/bot_controller/config/bot_controllers.yaml
-- Installing: /home/user/bot_ws/install/bot_controller/share/ament_index/resource_index/package_run_dependencies/bot_controller
-- Installing: /home/user/bot_ws/install/bot_controller/share/ament_index/resource_index/parent_prefix_path/bot_controller
-- Installing: /home/user/bot_ws/install/bot_controller/share/bot_controller/environment/ament_prefix_path.sh
-- Installing: /home/user/bot_ws/install/bot_controller/share/bot_controller/environment/ament_prefix_path.dsv
-- Installing: /home/user/bot_ws/install/bot_controller/share/bot_controller/environment/path.sh
-- Installing: /home/user/bot_ws/install/bot_controller/share/bot_controller/environment/path.dsv
-- Installing: /home/user/bot_ws/install/bot_controller/share/bot_controller/local_setup.bash
-- Installing: /home/user/bot_ws/install/bot_controller/share/bot_controller/local_setup.sh
-- Installing: /home/user/bot_ws/install/bot_controller/share/bot_controller/local_setup.zsh
-- Installing: /home/user/bot_ws/install/bot_controller/share/bot_controller/local_setup.dsv
-- Installing: /home/user/bot_ws/install/bot_controller/share/bot_controller/package.dsv
-- Installing: /home/user/bot_ws/install/bot_controller/share/ament_index/resource_index/packages/bot_controller
-- Installing: /home/user/bot_ws/install/bot_controller/share/bot_controller/cmake/bot_controllerConfig.cmake
-- Installing: /home/user/bot_ws/install/bot_controller/share/bot_controller/cmake/bot_controllerConfig-version.cmake
-- Installing: /home/user/bot_ws/install/bot_controller/share/bot_controller/package.xml
