[0.022s] Invoking command in '/home/user/bot_ws/build/bot_description': CMAKE_PREFIX_PATH=${CMAKE_PREFIX_PATH}:/home/user/bot_ws/install/bot_script:/opt/ros/humble _=/usr/bin/env /usr/bin/cmake --build /home/user/bot_ws/build/bot_description -- -j8 -l8
[0.262s] Invoked command in '/home/user/bot_ws/build/bot_description' returned '0': CMAKE_PREFIX_PATH=${CMAKE_PREFIX_PATH}:/home/user/bot_ws/install/bot_script:/opt/ros/humble _=/usr/bin/env /usr/bin/cmake --build /home/user/bot_ws/build/bot_description -- -j8 -l8
[0.264s] Invoking command in '/home/user/bot_ws/build/bot_description': CMAKE_PREFIX_PATH=${CMAKE_PREFIX_PATH}:/home/user/bot_ws/install/bot_script:/opt/ros/humble _=/usr/bin/env /usr/bin/cmake --install /home/user/bot_ws/build/bot_description
[0.272s] -- Install configuration: ""
[0.272s] -- Up-to-date: /home/user/bot_ws/install/bot_description/share/bot_description/launch
[0.273s] -- Up-to-date: /home/user/bot_ws/install/bot_description/share/bot_description/launch/gazebo.launch.py
[0.273s] -- Up-to-date: /home/user/bot_ws/install/bot_description/share/bot_description/launch/display.launch.py
[0.274s] -- Up-to-date: /home/user/bot_ws/install/bot_description/share/bot_description/models
[0.274s] -- Up-to-date: /home/user/bot_ws/install/bot_description/share/bot_description/models/aws_robomaker_residential_CoffeeTable_01
[0.274s] -- Up-to-date: /home/user/bot_ws/install/bot_description/share/bot_description/models/aws_robomaker_residential_CoffeeTable_01/materials
[0.274s] -- Up-to-date: /home/user/bot_ws/install/bot_description/share/bot_description/models/aws_robomaker_residential_CoffeeTable_01/materials/textures
[0.274s] -- Up-to-date: /home/user/bot_ws/install/bot_description/share/bot_description/models/aws_robomaker_residential_CoffeeTable_01/materials/textures/aws_CoffeeTable_01.png
[0.275s] -- Up-to-date: /home/user/bot_ws/install/bot_description/share/bot_description/models/aws_robomaker_residential_CoffeeTable_01/model.sdf
[0.275s] -- Up-to-date: /home/user/bot_ws/install/bot_description/share/bot_description/models/aws_robomaker_residential_CoffeeTable_01/meshes
[0.275s] -- Up-to-date: /home/user/bot_ws/install/bot_description/share/bot_description/models/aws_robomaker_residential_CoffeeTable_01/meshes/aws_CoffeeTable_01_visual.DAE
[0.275s] -- Up-to-date: /home/user/bot_ws/install/bot_description/share/bot_description/models/aws_robomaker_residential_CoffeeTable_01/meshes/aws_CoffeeTable_01_collision.DAE
[0.276s] -- Up-to-date: /home/user/bot_ws/install/bot_description/share/bot_description/models/aws_robomaker_residential_CoffeeTable_01/model.config
[0.276s] -- Up-to-date: /home/user/bot_ws/install/bot_description/share/bot_description/urdf
[0.276s] -- Up-to-date: /home/user/bot_ws/install/bot_description/share/bot_description/urdf/bot_base.xacro
[0.276s] -- Up-to-date: /home/user/bot_ws/install/bot_description/share/bot_description/urdf/bot_sensors.xacro
[0.276s] -- Up-to-date: /home/user/bot_ws/install/bot_description/share/bot_description/urdf/bot.urdf.xacro
[0.276s] -- Up-to-date: /home/user/bot_ws/install/bot_description/share/bot_description/urdf/ros2_control.xacro
[0.277s] -- Up-to-date: /home/user/bot_ws/install/bot_description/share/bot_description/urdf/gazebo.xacro
[0.277s] -- Up-to-date: /home/user/bot_ws/install/bot_description/share/bot_description/rviz
[0.278s] -- Up-to-date: /home/user/bot_ws/install/bot_description/share/bot_description/rviz/display.rviz
[0.278s] -- Up-to-date: /home/user/bot_ws/install/bot_description/share/bot_description/worlds
[0.278s] -- Up-to-date: /home/user/bot_ws/install/bot_description/share/bot_description/worlds/empty_table.world
[0.278s] -- Up-to-date: /home/user/bot_ws/install/bot_description/share/bot_description/worlds/empty.world
[0.278s] -- Up-to-date: /home/user/bot_ws/install/bot_description/share/ament_index/resource_index/package_run_dependencies/bot_description
[0.278s] -- Up-to-date: /home/user/bot_ws/install/bot_description/share/ament_index/resource_index/parent_prefix_path/bot_description
[0.278s] -- Up-to-date: /home/user/bot_ws/install/bot_description/share/bot_description/environment/ament_prefix_path.sh
[0.279s] -- Up-to-date: /home/user/bot_ws/install/bot_description/share/bot_description/environment/ament_prefix_path.dsv
[0.279s] -- Up-to-date: /home/user/bot_ws/install/bot_description/share/bot_description/environment/path.sh
[0.279s] -- Up-to-date: /home/user/bot_ws/install/bot_description/share/bot_description/environment/path.dsv
[0.279s] -- Up-to-date: /home/user/bot_ws/install/bot_description/share/bot_description/local_setup.bash
[0.279s] -- Up-to-date: /home/user/bot_ws/install/bot_description/share/bot_description/local_setup.sh
[0.279s] -- Up-to-date: /home/user/bot_ws/install/bot_description/share/bot_description/local_setup.zsh
[0.280s] -- Up-to-date: /home/user/bot_ws/install/bot_description/share/bot_description/local_setup.dsv
[0.280s] -- Installing: /home/user/bot_ws/install/bot_description/share/bot_description/package.dsv
[0.280s] -- Up-to-date: /home/user/bot_ws/install/bot_description/share/ament_index/resource_index/packages/bot_description
[0.280s] -- Up-to-date: /home/user/bot_ws/install/bot_description/share/bot_description/cmake/bot_descriptionConfig.cmake
[0.281s] -- Up-to-date: /home/user/bot_ws/install/bot_description/share/bot_description/cmake/bot_descriptionConfig-version.cmake
[0.281s] -- Up-to-date: /home/user/bot_ws/install/bot_description/share/bot_description/package.xml
[0.295s] Invoked command in '/home/user/bot_ws/build/bot_description' returned '0': CMAKE_PREFIX_PATH=${CMAKE_PREFIX_PATH}:/home/user/bot_ws/install/bot_script:/opt/ros/humble _=/usr/bin/env /usr/bin/cmake --install /home/user/bot_ws/build/bot_description
