[0.110s] DEBUG:colcon:Command line arguments: ['/usr/bin/colcon', 'build']
[0.110s] DEBUG:colcon:Parsed command line arguments: Namespace(log_base=None, log_level=None, verb_name='build', build_base='build', install_base='install', merge_install=False, symlink_install=False, test_result_base=None, continue_on_error=False, executor='parallel', parallel_workers=8, event_handlers=None, ignore_user_meta=False, metas=['./colcon.meta'], base_paths=['.'], packages_ignore=None, packages_ignore_regex=None, paths=None, packages_up_to=None, packages_up_to_regex=None, packages_above=None, packages_above_and_dependencies=None, packages_above_depth=None, packages_select_by_dep=None, packages_skip_by_dep=None, packages_skip_up_to=None, packages_select_build_failed=False, packages_skip_build_finished=False, packages_select_test_failures=False, packages_skip_test_passed=False, packages_select=None, packages_skip=None, packages_select_regex=None, packages_skip_regex=None, packages_start=None, packages_end=None, cmake_args=None, cmake_target=None, cmake_target_skip_unavailable=False, cmake_clean_cache=False, cmake_clean_first=False, cmake_force_configure=False, ament_cmake_args=None, catkin_cmake_args=None, catkin_skip_building_tests=False, mixin_files=None, mixin=None, verb_parser=<colcon_mixin.mixin.mixin_argument.MixinArgumentDecorator object at 0x7f4bdfd14b80>, verb_extension=<colcon_core.verb.build.BuildVerb object at 0x7f4bdfd143a0>, main=<bound method BuildVerb.main of <colcon_core.verb.build.BuildVerb object at 0x7f4bdfd143a0>>, mixin_verb=('build',))
[0.151s] Level 1:colcon.colcon_core.package_discovery:discover_packages(colcon_meta) check parameters
[0.151s] Level 1:colcon.colcon_core.package_discovery:discover_packages(recursive) check parameters
[0.151s] Level 1:colcon.colcon_core.package_discovery:discover_packages(ignore) check parameters
[0.151s] Level 1:colcon.colcon_core.package_discovery:discover_packages(path) check parameters
[0.151s] Level 1:colcon.colcon_core.package_discovery:discover_packages(colcon_meta) discover
[0.151s] Level 1:colcon.colcon_core.package_discovery:discover_packages(recursive) discover
[0.152s] INFO:colcon.colcon_core.package_discovery:Crawling recursively for packages in '/home/user/bot_ws'
[0.152s] Level 1:colcon.colcon_core.package_identification:_identify(.) by extensions ['ignore', 'ignore_ament_install']
[0.152s] Level 1:colcon.colcon_core.package_identification:_identify(.) by extension 'ignore'
[0.152s] Level 1:colcon.colcon_core.package_identification:_identify(.) by extension 'ignore_ament_install'
[0.152s] Level 1:colcon.colcon_core.package_identification:_identify(.) by extensions ['colcon_pkg']
[0.152s] Level 1:colcon.colcon_core.package_identification:_identify(.) by extension 'colcon_pkg'
[0.152s] Level 1:colcon.colcon_core.package_identification:_identify(.) by extensions ['colcon_meta']
[0.152s] Level 1:colcon.colcon_core.package_identification:_identify(.) by extension 'colcon_meta'
[0.152s] Level 1:colcon.colcon_core.package_identification:_identify(.) by extensions ['ros']
[0.152s] Level 1:colcon.colcon_core.package_identification:_identify(.) by extension 'ros'
[0.167s] Level 1:colcon.colcon_core.package_identification:_identify(.) by extensions ['cmake', 'python']
[0.167s] Level 1:colcon.colcon_core.package_identification:_identify(.) by extension 'cmake'
[0.167s] Level 1:colcon.colcon_core.package_identification:_identify(.) by extension 'python'
[0.167s] Level 1:colcon.colcon_core.package_identification:_identify(.) by extensions ['python_setup_py']
[0.167s] Level 1:colcon.colcon_core.package_identification:_identify(.) by extension 'python_setup_py'
[0.167s] Level 1:colcon.colcon_core.package_identification:_identify(build) by extensions ['ignore', 'ignore_ament_install']
[0.167s] Level 1:colcon.colcon_core.package_identification:_identify(build) by extension 'ignore'
[0.167s] Level 1:colcon.colcon_core.package_identification:_identify(build) ignored
[0.167s] Level 1:colcon.colcon_core.package_identification:_identify(install) by extensions ['ignore', 'ignore_ament_install']
[0.168s] Level 1:colcon.colcon_core.package_identification:_identify(install) by extension 'ignore'
[0.168s] Level 1:colcon.colcon_core.package_identification:_identify(install) ignored
[0.168s] Level 1:colcon.colcon_core.package_identification:_identify(log) by extensions ['ignore', 'ignore_ament_install']
[0.168s] Level 1:colcon.colcon_core.package_identification:_identify(log) by extension 'ignore'
[0.168s] Level 1:colcon.colcon_core.package_identification:_identify(log) ignored
[0.168s] Level 1:colcon.colcon_core.package_identification:_identify(src) by extensions ['ignore', 'ignore_ament_install']
[0.168s] Level 1:colcon.colcon_core.package_identification:_identify(src) by extension 'ignore'
[0.168s] Level 1:colcon.colcon_core.package_identification:_identify(src) by extension 'ignore_ament_install'
[0.168s] Level 1:colcon.colcon_core.package_identification:_identify(src) by extensions ['colcon_pkg']
[0.168s] Level 1:colcon.colcon_core.package_identification:_identify(src) by extension 'colcon_pkg'
[0.168s] Level 1:colcon.colcon_core.package_identification:_identify(src) by extensions ['colcon_meta']
[0.168s] Level 1:colcon.colcon_core.package_identification:_identify(src) by extension 'colcon_meta'
[0.168s] Level 1:colcon.colcon_core.package_identification:_identify(src) by extensions ['ros']
[0.168s] Level 1:colcon.colcon_core.package_identification:_identify(src) by extension 'ros'
[0.168s] Level 1:colcon.colcon_core.package_identification:_identify(src) by extensions ['cmake', 'python']
[0.168s] Level 1:colcon.colcon_core.package_identification:_identify(src) by extension 'cmake'
[0.168s] Level 1:colcon.colcon_core.package_identification:_identify(src) by extension 'python'
[0.168s] Level 1:colcon.colcon_core.package_identification:_identify(src) by extensions ['python_setup_py']
[0.168s] Level 1:colcon.colcon_core.package_identification:_identify(src) by extension 'python_setup_py'
[0.169s] Level 1:colcon.colcon_core.package_identification:_identify(src/bot_bringup) by extensions ['ignore', 'ignore_ament_install']
[0.169s] Level 1:colcon.colcon_core.package_identification:_identify(src/bot_bringup) by extension 'ignore'
[0.169s] Level 1:colcon.colcon_core.package_identification:_identify(src/bot_bringup) by extension 'ignore_ament_install'
[0.169s] Level 1:colcon.colcon_core.package_identification:_identify(src/bot_bringup) by extensions ['colcon_pkg']
[0.169s] Level 1:colcon.colcon_core.package_identification:_identify(src/bot_bringup) by extension 'colcon_pkg'
[0.169s] Level 1:colcon.colcon_core.package_identification:_identify(src/bot_bringup) by extensions ['colcon_meta']
[0.169s] Level 1:colcon.colcon_core.package_identification:_identify(src/bot_bringup) by extension 'colcon_meta'
[0.169s] Level 1:colcon.colcon_core.package_identification:_identify(src/bot_bringup) by extensions ['ros']
[0.169s] Level 1:colcon.colcon_core.package_identification:_identify(src/bot_bringup) by extension 'ros'
[0.171s] DEBUG:colcon.colcon_core.package_identification:Package 'src/bot_bringup' with type 'ros.ament_cmake' and name 'bot_bringup'
[0.171s] Level 1:colcon.colcon_core.package_identification:_identify(src/bot_controller) by extensions ['ignore', 'ignore_ament_install']
[0.171s] Level 1:colcon.colcon_core.package_identification:_identify(src/bot_controller) by extension 'ignore'
[0.172s] Level 1:colcon.colcon_core.package_identification:_identify(src/bot_controller) by extension 'ignore_ament_install'
[0.172s] Level 1:colcon.colcon_core.package_identification:_identify(src/bot_controller) by extensions ['colcon_pkg']
[0.172s] Level 1:colcon.colcon_core.package_identification:_identify(src/bot_controller) by extension 'colcon_pkg'
[0.172s] Level 1:colcon.colcon_core.package_identification:_identify(src/bot_controller) by extensions ['colcon_meta']
[0.172s] Level 1:colcon.colcon_core.package_identification:_identify(src/bot_controller) by extension 'colcon_meta'
[0.172s] Level 1:colcon.colcon_core.package_identification:_identify(src/bot_controller) by extensions ['ros']
[0.172s] Level 1:colcon.colcon_core.package_identification:_identify(src/bot_controller) by extension 'ros'
[0.173s] DEBUG:colcon.colcon_core.package_identification:Package 'src/bot_controller' with type 'ros.ament_cmake' and name 'bot_controller'
[0.173s] Level 1:colcon.colcon_core.package_identification:_identify(src/bot_description) by extensions ['ignore', 'ignore_ament_install']
[0.174s] Level 1:colcon.colcon_core.package_identification:_identify(src/bot_description) by extension 'ignore'
[0.174s] Level 1:colcon.colcon_core.package_identification:_identify(src/bot_description) by extension 'ignore_ament_install'
[0.174s] Level 1:colcon.colcon_core.package_identification:_identify(src/bot_description) by extensions ['colcon_pkg']
[0.174s] Level 1:colcon.colcon_core.package_identification:_identify(src/bot_description) by extension 'colcon_pkg'
[0.174s] Level 1:colcon.colcon_core.package_identification:_identify(src/bot_description) by extensions ['colcon_meta']
[0.174s] Level 1:colcon.colcon_core.package_identification:_identify(src/bot_description) by extension 'colcon_meta'
[0.174s] Level 1:colcon.colcon_core.package_identification:_identify(src/bot_description) by extensions ['ros']
[0.174s] Level 1:colcon.colcon_core.package_identification:_identify(src/bot_description) by extension 'ros'
[0.174s] DEBUG:colcon.colcon_core.package_identification:Package 'src/bot_description' with type 'ros.ament_cmake' and name 'bot_description'
[0.174s] Level 1:colcon.colcon_core.package_identification:_identify(src/bot_script) by extensions ['ignore', 'ignore_ament_install']
[0.175s] Level 1:colcon.colcon_core.package_identification:_identify(src/bot_script) by extension 'ignore'
[0.175s] Level 1:colcon.colcon_core.package_identification:_identify(src/bot_script) by extension 'ignore_ament_install'
[0.175s] Level 1:colcon.colcon_core.package_identification:_identify(src/bot_script) by extensions ['colcon_pkg']
[0.175s] Level 1:colcon.colcon_core.package_identification:_identify(src/bot_script) by extension 'colcon_pkg'
[0.175s] Level 1:colcon.colcon_core.package_identification:_identify(src/bot_script) by extensions ['colcon_meta']
[0.175s] Level 1:colcon.colcon_core.package_identification:_identify(src/bot_script) by extension 'colcon_meta'
[0.175s] Level 1:colcon.colcon_core.package_identification:_identify(src/bot_script) by extensions ['ros']
[0.175s] Level 1:colcon.colcon_core.package_identification:_identify(src/bot_script) by extension 'ros'
[0.176s] DEBUG:colcon.colcon_core.package_identification:Package 'src/bot_script' with type 'ros.ament_python' and name 'bot_script'
[0.176s] Level 1:colcon.colcon_core.package_discovery:discover_packages(recursive) using defaults
[0.176s] Level 1:colcon.colcon_core.package_discovery:discover_packages(ignore) discover
[0.176s] Level 1:colcon.colcon_core.package_discovery:discover_packages(ignore) using defaults
[0.176s] Level 1:colcon.colcon_core.package_discovery:discover_packages(path) discover
[0.176s] Level 1:colcon.colcon_core.package_discovery:discover_packages(path) using defaults
[0.198s] Level 5:colcon.colcon_core.verb:set package 'bot_controller' build argument 'cmake_args' from command line to 'None'
[0.198s] Level 5:colcon.colcon_core.verb:set package 'bot_controller' build argument 'cmake_target' from command line to 'None'
[0.198s] Level 5:colcon.colcon_core.verb:set package 'bot_controller' build argument 'cmake_target_skip_unavailable' from command line to 'False'
[0.198s] Level 5:colcon.colcon_core.verb:set package 'bot_controller' build argument 'cmake_clean_cache' from command line to 'False'
[0.198s] Level 5:colcon.colcon_core.verb:set package 'bot_controller' build argument 'cmake_clean_first' from command line to 'False'
[0.198s] Level 5:colcon.colcon_core.verb:set package 'bot_controller' build argument 'cmake_force_configure' from command line to 'False'
[0.198s] Level 5:colcon.colcon_core.verb:set package 'bot_controller' build argument 'ament_cmake_args' from command line to 'None'
[0.198s] Level 5:colcon.colcon_core.verb:set package 'bot_controller' build argument 'catkin_cmake_args' from command line to 'None'
[0.198s] Level 5:colcon.colcon_core.verb:set package 'bot_controller' build argument 'catkin_skip_building_tests' from command line to 'False'
[0.198s] DEBUG:colcon.colcon_core.verb:Building package 'bot_controller' with the following arguments: {'ament_cmake_args': None, 'build_base': '/home/user/bot_ws/build/bot_controller', 'catkin_cmake_args': None, 'catkin_skip_building_tests': False, 'cmake_args': None, 'cmake_clean_cache': False, 'cmake_clean_first': False, 'cmake_force_configure': False, 'cmake_target': None, 'cmake_target_skip_unavailable': False, 'install_base': '/home/user/bot_ws/install/bot_controller', 'merge_install': False, 'path': '/home/user/bot_ws/src/bot_controller', 'symlink_install': False, 'test_result_base': None}
[0.198s] Level 5:colcon.colcon_core.verb:set package 'bot_description' build argument 'cmake_args' from command line to 'None'
[0.198s] Level 5:colcon.colcon_core.verb:set package 'bot_description' build argument 'cmake_target' from command line to 'None'
[0.198s] Level 5:colcon.colcon_core.verb:set package 'bot_description' build argument 'cmake_target_skip_unavailable' from command line to 'False'
[0.198s] Level 5:colcon.colcon_core.verb:set package 'bot_description' build argument 'cmake_clean_cache' from command line to 'False'
[0.198s] Level 5:colcon.colcon_core.verb:set package 'bot_description' build argument 'cmake_clean_first' from command line to 'False'
[0.198s] Level 5:colcon.colcon_core.verb:set package 'bot_description' build argument 'cmake_force_configure' from command line to 'False'
[0.198s] Level 5:colcon.colcon_core.verb:set package 'bot_description' build argument 'ament_cmake_args' from command line to 'None'
[0.198s] Level 5:colcon.colcon_core.verb:set package 'bot_description' build argument 'catkin_cmake_args' from command line to 'None'
[0.198s] Level 5:colcon.colcon_core.verb:set package 'bot_description' build argument 'catkin_skip_building_tests' from command line to 'False'
[0.198s] DEBUG:colcon.colcon_core.verb:Building package 'bot_description' with the following arguments: {'ament_cmake_args': None, 'build_base': '/home/user/bot_ws/build/bot_description', 'catkin_cmake_args': None, 'catkin_skip_building_tests': False, 'cmake_args': None, 'cmake_clean_cache': False, 'cmake_clean_first': False, 'cmake_force_configure': False, 'cmake_target': None, 'cmake_target_skip_unavailable': False, 'install_base': '/home/user/bot_ws/install/bot_description', 'merge_install': False, 'path': '/home/user/bot_ws/src/bot_description', 'symlink_install': False, 'test_result_base': None}
[0.199s] Level 5:colcon.colcon_core.verb:set package 'bot_script' build argument 'cmake_args' from command line to 'None'
[0.199s] Level 5:colcon.colcon_core.verb:set package 'bot_script' build argument 'cmake_target' from command line to 'None'
[0.199s] Level 5:colcon.colcon_core.verb:set package 'bot_script' build argument 'cmake_target_skip_unavailable' from command line to 'False'
[0.199s] Level 5:colcon.colcon_core.verb:set package 'bot_script' build argument 'cmake_clean_cache' from command line to 'False'
[0.199s] Level 5:colcon.colcon_core.verb:set package 'bot_script' build argument 'cmake_clean_first' from command line to 'False'
[0.199s] Level 5:colcon.colcon_core.verb:set package 'bot_script' build argument 'cmake_force_configure' from command line to 'False'
[0.199s] Level 5:colcon.colcon_core.verb:set package 'bot_script' build argument 'ament_cmake_args' from command line to 'None'
[0.199s] Level 5:colcon.colcon_core.verb:set package 'bot_script' build argument 'catkin_cmake_args' from command line to 'None'
[0.199s] Level 5:colcon.colcon_core.verb:set package 'bot_script' build argument 'catkin_skip_building_tests' from command line to 'False'
[0.199s] DEBUG:colcon.colcon_core.verb:Building package 'bot_script' with the following arguments: {'ament_cmake_args': None, 'build_base': '/home/user/bot_ws/build/bot_script', 'catkin_cmake_args': None, 'catkin_skip_building_tests': False, 'cmake_args': None, 'cmake_clean_cache': False, 'cmake_clean_first': False, 'cmake_force_configure': False, 'cmake_target': None, 'cmake_target_skip_unavailable': False, 'install_base': '/home/user/bot_ws/install/bot_script', 'merge_install': False, 'path': '/home/user/bot_ws/src/bot_script', 'symlink_install': False, 'test_result_base': None}
[0.199s] Level 5:colcon.colcon_core.verb:set package 'bot_bringup' build argument 'cmake_args' from command line to 'None'
[0.199s] Level 5:colcon.colcon_core.verb:set package 'bot_bringup' build argument 'cmake_target' from command line to 'None'
[0.199s] Level 5:colcon.colcon_core.verb:set package 'bot_bringup' build argument 'cmake_target_skip_unavailable' from command line to 'False'
[0.200s] Level 5:colcon.colcon_core.verb:set package 'bot_bringup' build argument 'cmake_clean_cache' from command line to 'False'
[0.200s] Level 5:colcon.colcon_core.verb:set package 'bot_bringup' build argument 'cmake_clean_first' from command line to 'False'
[0.200s] Level 5:colcon.colcon_core.verb:set package 'bot_bringup' build argument 'cmake_force_configure' from command line to 'False'
[0.200s] Level 5:colcon.colcon_core.verb:set package 'bot_bringup' build argument 'ament_cmake_args' from command line to 'None'
[0.200s] Level 5:colcon.colcon_core.verb:set package 'bot_bringup' build argument 'catkin_cmake_args' from command line to 'None'
[0.200s] Level 5:colcon.colcon_core.verb:set package 'bot_bringup' build argument 'catkin_skip_building_tests' from command line to 'False'
[0.200s] DEBUG:colcon.colcon_core.verb:Building package 'bot_bringup' with the following arguments: {'ament_cmake_args': None, 'build_base': '/home/user/bot_ws/build/bot_bringup', 'catkin_cmake_args': None, 'catkin_skip_building_tests': False, 'cmake_args': None, 'cmake_clean_cache': False, 'cmake_clean_first': False, 'cmake_force_configure': False, 'cmake_target': None, 'cmake_target_skip_unavailable': False, 'install_base': '/home/user/bot_ws/install/bot_bringup', 'merge_install': False, 'path': '/home/user/bot_ws/src/bot_bringup', 'symlink_install': False, 'test_result_base': None}
[0.200s] INFO:colcon.colcon_core.executor:Executing jobs using 'parallel' executor
[0.201s] DEBUG:colcon.colcon_parallel_executor.executor.parallel:run_until_complete
[0.201s] INFO:colcon.colcon_ros.task.ament_cmake.build:Building ROS package in '/home/user/bot_ws/src/bot_controller' with build type 'ament_cmake'
[0.201s] INFO:colcon.colcon_cmake.task.cmake.build:Building CMake package in '/home/user/bot_ws/src/bot_controller'
[0.203s] INFO:colcon.colcon_core.plugin_system:Skipping extension 'colcon_core.shell.bat': Not used on non-Windows systems
[0.204s] INFO:colcon.colcon_core.shell:Skip shell extension 'powershell' for command environment: Not usable outside of PowerShell
[0.204s] DEBUG:colcon.colcon_core.shell:Skip shell extension 'dsv' for command environment
[0.210s] INFO:colcon.colcon_ros.task.ament_cmake.build:Building ROS package in '/home/user/bot_ws/src/bot_description' with build type 'ament_cmake'
[0.210s] INFO:colcon.colcon_cmake.task.cmake.build:Building CMake package in '/home/user/bot_ws/src/bot_description'
[0.210s] INFO:colcon.colcon_core.shell:Skip shell extension 'powershell' for command environment: Not usable outside of PowerShell
[0.210s] DEBUG:colcon.colcon_core.shell:Skip shell extension 'dsv' for command environment
[0.215s] INFO:colcon.colcon_ros.task.ament_python.build:Building ROS package in '/home/user/bot_ws/src/bot_script' with build type 'ament_python'
[0.215s] Level 1:colcon.colcon_core.shell:create_environment_hook('bot_script', 'ament_prefix_path')
[0.216s] INFO:colcon.colcon_core.shell:Creating environment hook '/home/user/bot_ws/install/bot_script/share/bot_script/hook/ament_prefix_path.ps1'
[0.216s] INFO:colcon.colcon_core.shell:Creating environment descriptor '/home/user/bot_ws/install/bot_script/share/bot_script/hook/ament_prefix_path.dsv'
[0.217s] INFO:colcon.colcon_core.shell:Creating environment hook '/home/user/bot_ws/install/bot_script/share/bot_script/hook/ament_prefix_path.sh'
[0.218s] INFO:colcon.colcon_core.shell:Skip shell extension 'powershell' for command environment: Not usable outside of PowerShell
[0.218s] DEBUG:colcon.colcon_core.shell:Skip shell extension 'dsv' for command environment
[0.228s] DEBUG:colcon.colcon_core.event_handler.log_command:Invoking command in '/home/user/bot_ws/build/bot_controller': CMAKE_PREFIX_PATH=${CMAKE_PREFIX_PATH}:/home/user/bot_ws/install/bot_script:/opt/ros/humble _=/usr/bin/env /usr/bin/cmake --build /home/user/bot_ws/build/bot_controller -- -j8 -l8
[0.232s] DEBUG:colcon.colcon_core.event_handler.log_command:Invoking command in '/home/user/bot_ws/build/bot_description': CMAKE_PREFIX_PATH=${CMAKE_PREFIX_PATH}:/home/user/bot_ws/install/bot_script:/opt/ros/humble _=/usr/bin/env /usr/bin/cmake --build /home/user/bot_ws/build/bot_description -- -j8 -l8
[0.454s] INFO:colcon.colcon_core.task.python.build:Building Python package in '/home/user/bot_ws/src/bot_script'
[0.455s] INFO:colcon.colcon_core.shell:Skip shell extension 'powershell' for command environment: Not usable outside of PowerShell
[0.455s] DEBUG:colcon.colcon_core.shell:Skip shell extension 'dsv' for command environment
[0.461s] DEBUG:colcon.colcon_core.event_handler.log_command:Invoked command in '/home/user/bot_ws/build/bot_controller' returned '0': CMAKE_PREFIX_PATH=${CMAKE_PREFIX_PATH}:/home/user/bot_ws/install/bot_script:/opt/ros/humble _=/usr/bin/env /usr/bin/cmake --build /home/user/bot_ws/build/bot_controller -- -j8 -l8
[0.471s] DEBUG:colcon.colcon_core.event_handler.log_command:Invoking command in '/home/user/bot_ws/build/bot_controller': CMAKE_PREFIX_PATH=${CMAKE_PREFIX_PATH}:/home/user/bot_ws/install/bot_script:/opt/ros/humble _=/usr/bin/env /usr/bin/cmake --install /home/user/bot_ws/build/bot_controller
[0.472s] DEBUG:colcon.colcon_core.event_handler.log_command:Invoked command in '/home/user/bot_ws/build/bot_description' returned '0': CMAKE_PREFIX_PATH=${CMAKE_PREFIX_PATH}:/home/user/bot_ws/install/bot_script:/opt/ros/humble _=/usr/bin/env /usr/bin/cmake --build /home/user/bot_ws/build/bot_description -- -j8 -l8
[0.474s] DEBUG:colcon.colcon_core.event_handler.log_command:Invoking command in '/home/user/bot_ws/build/bot_description': CMAKE_PREFIX_PATH=${CMAKE_PREFIX_PATH}:/home/user/bot_ws/install/bot_script:/opt/ros/humble _=/usr/bin/env /usr/bin/cmake --install /home/user/bot_ws/build/bot_description
[0.480s] Level 1:colcon.colcon_core.environment:create_environment_scripts_only(bot_controller)
[0.481s] DEBUG:colcon.colcon_core.event_handler.log_command:Invoked command in '/home/user/bot_ws/build/bot_controller' returned '0': CMAKE_PREFIX_PATH=${CMAKE_PREFIX_PATH}:/home/user/bot_ws/install/bot_script:/opt/ros/humble _=/usr/bin/env /usr/bin/cmake --install /home/user/bot_ws/build/bot_controller
[0.487s] Level 1:colcon.colcon_core.environment:checking '/home/user/bot_ws/install/bot_controller' for CMake module files
[0.488s] Level 1:colcon.colcon_core.environment:checking '/home/user/bot_ws/install/bot_controller' for CMake config files
[0.489s] Level 1:colcon.colcon_core.shell:create_environment_hook('bot_controller', 'cmake_prefix_path')
[0.490s] INFO:colcon.colcon_core.shell:Creating environment hook '/home/user/bot_ws/install/bot_controller/share/bot_controller/hook/cmake_prefix_path.ps1'
[0.490s] INFO:colcon.colcon_core.shell:Creating environment descriptor '/home/user/bot_ws/install/bot_controller/share/bot_controller/hook/cmake_prefix_path.dsv'
[0.491s] INFO:colcon.colcon_core.shell:Creating environment hook '/home/user/bot_ws/install/bot_controller/share/bot_controller/hook/cmake_prefix_path.sh'
[0.492s] Level 1:colcon.colcon_core.environment:checking '/home/user/bot_ws/install/bot_controller/bin'
[0.492s] Level 1:colcon.colcon_core.environment:checking '/home/user/bot_ws/install/bot_controller/lib/pkgconfig/bot_controller.pc'
[0.492s] Level 1:colcon.colcon_core.environment:checking '/home/user/bot_ws/install/bot_controller/lib/python3.10/site-packages'
[0.492s] Level 1:colcon.colcon_core.environment:checking '/home/user/bot_ws/install/bot_controller/bin'
[0.493s] INFO:colcon.colcon_core.shell:Creating package script '/home/user/bot_ws/install/bot_controller/share/bot_controller/package.ps1'
[0.494s] INFO:colcon.colcon_core.shell:Creating package descriptor '/home/user/bot_ws/install/bot_controller/share/bot_controller/package.dsv'
[0.494s] INFO:colcon.colcon_core.shell:Creating package script '/home/user/bot_ws/install/bot_controller/share/bot_controller/package.sh'
[0.495s] INFO:colcon.colcon_core.shell:Creating package script '/home/user/bot_ws/install/bot_controller/share/bot_controller/package.bash'
[0.496s] INFO:colcon.colcon_core.shell:Creating package script '/home/user/bot_ws/install/bot_controller/share/bot_controller/package.zsh'
[0.496s] Level 1:colcon.colcon_core.environment:create_file_with_runtime_dependencies(/home/user/bot_ws/install/bot_controller/share/colcon-core/packages/bot_controller)
[0.497s] Level 1:colcon.colcon_core.environment:create_environment_scripts_only(bot_controller)
[0.497s] Level 1:colcon.colcon_core.environment:checking '/home/user/bot_ws/install/bot_controller' for CMake module files
[0.498s] Level 1:colcon.colcon_core.environment:checking '/home/user/bot_ws/install/bot_controller' for CMake config files
[0.498s] Level 1:colcon.colcon_core.shell:create_environment_hook('bot_controller', 'cmake_prefix_path')
[0.498s] INFO:colcon.colcon_core.shell:Creating environment hook '/home/user/bot_ws/install/bot_controller/share/bot_controller/hook/cmake_prefix_path.ps1'
[0.498s] INFO:colcon.colcon_core.shell:Creating environment descriptor '/home/user/bot_ws/install/bot_controller/share/bot_controller/hook/cmake_prefix_path.dsv'
[0.499s] INFO:colcon.colcon_core.shell:Creating environment hook '/home/user/bot_ws/install/bot_controller/share/bot_controller/hook/cmake_prefix_path.sh'
[0.499s] Level 1:colcon.colcon_core.environment:checking '/home/user/bot_ws/install/bot_controller/bin'
[0.499s] Level 1:colcon.colcon_core.environment:checking '/home/user/bot_ws/install/bot_controller/lib/pkgconfig/bot_controller.pc'
[0.500s] Level 1:colcon.colcon_core.environment:checking '/home/user/bot_ws/install/bot_controller/lib/python3.10/site-packages'
[0.500s] Level 1:colcon.colcon_core.environment:checking '/home/user/bot_ws/install/bot_controller/bin'
[0.500s] INFO:colcon.colcon_core.shell:Creating package script '/home/user/bot_ws/install/bot_controller/share/bot_controller/package.ps1'
[0.501s] INFO:colcon.colcon_core.shell:Creating package descriptor '/home/user/bot_ws/install/bot_controller/share/bot_controller/package.dsv'
[0.501s] INFO:colcon.colcon_core.shell:Creating package script '/home/user/bot_ws/install/bot_controller/share/bot_controller/package.sh'
[0.502s] INFO:colcon.colcon_core.shell:Creating package script '/home/user/bot_ws/install/bot_controller/share/bot_controller/package.bash'
[0.502s] INFO:colcon.colcon_core.shell:Creating package script '/home/user/bot_ws/install/bot_controller/share/bot_controller/package.zsh'
[0.503s] Level 1:colcon.colcon_core.environment:create_file_with_runtime_dependencies(/home/user/bot_ws/install/bot_controller/share/colcon-core/packages/bot_controller)
[0.504s] Level 1:colcon.colcon_core.environment:create_environment_scripts_only(bot_description)
[0.504s] Level 1:colcon.colcon_core.environment:checking '/home/user/bot_ws/install/bot_description' for CMake module files
[0.505s] DEBUG:colcon.colcon_core.event_handler.log_command:Invoked command in '/home/user/bot_ws/build/bot_description' returned '0': CMAKE_PREFIX_PATH=${CMAKE_PREFIX_PATH}:/home/user/bot_ws/install/bot_script:/opt/ros/humble _=/usr/bin/env /usr/bin/cmake --install /home/user/bot_ws/build/bot_description
[0.505s] Level 1:colcon.colcon_core.environment:checking '/home/user/bot_ws/install/bot_description' for CMake config files
[0.505s] Level 1:colcon.colcon_core.shell:create_environment_hook('bot_description', 'cmake_prefix_path')
[0.506s] INFO:colcon.colcon_core.shell:Creating environment hook '/home/user/bot_ws/install/bot_description/share/bot_description/hook/cmake_prefix_path.ps1'
[0.506s] INFO:colcon.colcon_core.shell:Creating environment descriptor '/home/user/bot_ws/install/bot_description/share/bot_description/hook/cmake_prefix_path.dsv'
[0.506s] INFO:colcon.colcon_core.shell:Creating environment hook '/home/user/bot_ws/install/bot_description/share/bot_description/hook/cmake_prefix_path.sh'
[0.507s] Level 1:colcon.colcon_core.environment:checking '/home/user/bot_ws/install/bot_description/bin'
[0.507s] Level 1:colcon.colcon_core.environment:checking '/home/user/bot_ws/install/bot_description/lib/pkgconfig/bot_description.pc'
[0.507s] Level 1:colcon.colcon_core.environment:checking '/home/user/bot_ws/install/bot_description/lib/python3.10/site-packages'
[0.508s] Level 1:colcon.colcon_core.environment:checking '/home/user/bot_ws/install/bot_description/bin'
[0.508s] INFO:colcon.colcon_core.shell:Creating package script '/home/user/bot_ws/install/bot_description/share/bot_description/package.ps1'
[0.508s] INFO:colcon.colcon_core.shell:Creating package descriptor '/home/user/bot_ws/install/bot_description/share/bot_description/package.dsv'
[0.509s] INFO:colcon.colcon_core.shell:Creating package script '/home/user/bot_ws/install/bot_description/share/bot_description/package.sh'
[0.509s] INFO:colcon.colcon_core.shell:Creating package script '/home/user/bot_ws/install/bot_description/share/bot_description/package.bash'
[0.510s] INFO:colcon.colcon_core.shell:Creating package script '/home/user/bot_ws/install/bot_description/share/bot_description/package.zsh'
[0.510s] Level 1:colcon.colcon_core.environment:create_file_with_runtime_dependencies(/home/user/bot_ws/install/bot_description/share/colcon-core/packages/bot_description)
[0.510s] Level 1:colcon.colcon_core.environment:create_environment_scripts_only(bot_description)
[0.511s] Level 1:colcon.colcon_core.environment:checking '/home/user/bot_ws/install/bot_description' for CMake module files
[0.511s] Level 1:colcon.colcon_core.environment:checking '/home/user/bot_ws/install/bot_description' for CMake config files
[0.511s] Level 1:colcon.colcon_core.shell:create_environment_hook('bot_description', 'cmake_prefix_path')
[0.512s] INFO:colcon.colcon_core.shell:Creating environment hook '/home/user/bot_ws/install/bot_description/share/bot_description/hook/cmake_prefix_path.ps1'
[0.512s] INFO:colcon.colcon_core.shell:Creating environment descriptor '/home/user/bot_ws/install/bot_description/share/bot_description/hook/cmake_prefix_path.dsv'
[0.512s] INFO:colcon.colcon_core.shell:Creating environment hook '/home/user/bot_ws/install/bot_description/share/bot_description/hook/cmake_prefix_path.sh'
[0.513s] Level 1:colcon.colcon_core.environment:checking '/home/user/bot_ws/install/bot_description/bin'
[0.513s] Level 1:colcon.colcon_core.environment:checking '/home/user/bot_ws/install/bot_description/lib/pkgconfig/bot_description.pc'
[0.513s] Level 1:colcon.colcon_core.environment:checking '/home/user/bot_ws/install/bot_description/lib/python3.10/site-packages'
[0.513s] Level 1:colcon.colcon_core.environment:checking '/home/user/bot_ws/install/bot_description/bin'
[0.514s] INFO:colcon.colcon_core.shell:Creating package script '/home/user/bot_ws/install/bot_description/share/bot_description/package.ps1'
[0.514s] INFO:colcon.colcon_core.shell:Creating package descriptor '/home/user/bot_ws/install/bot_description/share/bot_description/package.dsv'
[0.515s] INFO:colcon.colcon_core.shell:Creating package script '/home/user/bot_ws/install/bot_description/share/bot_description/package.sh'
[0.515s] INFO:colcon.colcon_core.shell:Creating package script '/home/user/bot_ws/install/bot_description/share/bot_description/package.bash'
[0.516s] INFO:colcon.colcon_core.shell:Creating package script '/home/user/bot_ws/install/bot_description/share/bot_description/package.zsh'
[0.516s] Level 1:colcon.colcon_core.environment:create_file_with_runtime_dependencies(/home/user/bot_ws/install/bot_description/share/colcon-core/packages/bot_description)
[0.904s] DEBUG:colcon.colcon_core.event_handler.log_command:Invoking command in '/home/user/bot_ws/src/bot_script': PYTHONPATH=/home/user/bot_ws/build/bot_script/prefix_override:/usr/lib/python3/dist-packages/colcon_core/task/python/colcon_distutils_commands:/home/user/bot_ws/install/bot_script/lib/python3.10/site-packages:${PYTHONPATH} _=/usr/bin/env /usr/bin/python3 -W ignore:setup.py install is deprecated -W ignore:easy_install command is deprecated setup.py egg_info --egg-base ../../build/bot_script build --build-base /home/user/bot_ws/build/bot_script/build install --record /home/user/bot_ws/build/bot_script/install.log --single-version-externally-managed install_data
[1.337s] Level 1:colcon.colcon_core.environment:checking '/home/user/bot_ws/install/bot_script' for CMake module files
[1.338s] DEBUG:colcon.colcon_core.event_handler.log_command:Invoked command in '/home/user/bot_ws/src/bot_script' returned '0': PYTHONPATH=/home/user/bot_ws/build/bot_script/prefix_override:/usr/lib/python3/dist-packages/colcon_core/task/python/colcon_distutils_commands:/home/user/bot_ws/install/bot_script/lib/python3.10/site-packages:${PYTHONPATH} _=/usr/bin/env /usr/bin/python3 -W ignore:setup.py install is deprecated -W ignore:easy_install command is deprecated setup.py egg_info --egg-base ../../build/bot_script build --build-base /home/user/bot_ws/build/bot_script/build install --record /home/user/bot_ws/build/bot_script/install.log --single-version-externally-managed install_data
[1.338s] Level 1:colcon.colcon_core.environment:checking '/home/user/bot_ws/install/bot_script' for CMake config files
[1.339s] Level 1:colcon.colcon_core.environment:checking '/home/user/bot_ws/install/bot_script/lib'
[1.339s] Level 1:colcon.colcon_core.environment:checking '/home/user/bot_ws/install/bot_script/bin'
[1.340s] Level 1:colcon.colcon_core.environment:checking '/home/user/bot_ws/install/bot_script/lib/pkgconfig/bot_script.pc'
[1.340s] Level 1:colcon.colcon_core.environment:checking '/home/user/bot_ws/install/bot_script/lib/python3.10/site-packages'
[1.340s] Level 1:colcon.colcon_core.shell:create_environment_hook('bot_script', 'pythonpath')
[1.340s] INFO:colcon.colcon_core.shell:Creating environment hook '/home/user/bot_ws/install/bot_script/share/bot_script/hook/pythonpath.ps1'
[1.341s] INFO:colcon.colcon_core.shell:Creating environment descriptor '/home/user/bot_ws/install/bot_script/share/bot_script/hook/pythonpath.dsv'
[1.342s] INFO:colcon.colcon_core.shell:Creating environment hook '/home/user/bot_ws/install/bot_script/share/bot_script/hook/pythonpath.sh'
[1.342s] Level 1:colcon.colcon_core.environment:checking '/home/user/bot_ws/install/bot_script/bin'
[1.342s] Level 1:colcon.colcon_core.environment:create_environment_scripts_only(bot_script)
[1.343s] INFO:colcon.colcon_core.shell:Creating package script '/home/user/bot_ws/install/bot_script/share/bot_script/package.ps1'
[1.343s] INFO:colcon.colcon_core.shell:Creating package descriptor '/home/user/bot_ws/install/bot_script/share/bot_script/package.dsv'
[1.344s] INFO:colcon.colcon_core.shell:Creating package script '/home/user/bot_ws/install/bot_script/share/bot_script/package.sh'
[1.344s] INFO:colcon.colcon_core.shell:Creating package script '/home/user/bot_ws/install/bot_script/share/bot_script/package.bash'
[1.345s] INFO:colcon.colcon_core.shell:Creating package script '/home/user/bot_ws/install/bot_script/share/bot_script/package.zsh'
[1.345s] Level 1:colcon.colcon_core.environment:create_file_with_runtime_dependencies(/home/user/bot_ws/install/bot_script/share/colcon-core/packages/bot_script)
[1.345s] INFO:colcon.colcon_ros.task.ament_cmake.build:Building ROS package in '/home/user/bot_ws/src/bot_bringup' with build type 'ament_cmake'
[1.345s] INFO:colcon.colcon_cmake.task.cmake.build:Building CMake package in '/home/user/bot_ws/src/bot_bringup'
[1.346s] INFO:colcon.colcon_core.shell:Skip shell extension 'powershell' for command environment: Not usable outside of PowerShell
[1.346s] DEBUG:colcon.colcon_core.shell:Skip shell extension 'dsv' for command environment
[1.362s] DEBUG:colcon.colcon_core.event_handler.log_command:Invoking command in '/home/user/bot_ws/build/bot_bringup': AMENT_PREFIX_PATH=/home/user/bot_ws/install/bot_script:/home/user/bot_ws/install/bot_bringup:/home/user/bot_ws/install/bot_controller:/home/user/bot_ws/install/bot_description:/opt/ros/humble CMAKE_PREFIX_PATH=/home/user/bot_ws/install/bot_description:/home/user/bot_ws/install/bot_controller:/home/user/bot_ws/install/bot_bringup:/home/user/bot_ws/install/bot_script:/opt/ros/humble _=/usr/bin/env /usr/bin/cmake --build /home/user/bot_ws/build/bot_bringup -- -j8 -l8
[1.403s] DEBUG:colcon.colcon_core.event_handler.log_command:Invoked command in '/home/user/bot_ws/build/bot_bringup' returned '0': AMENT_PREFIX_PATH=/home/user/bot_ws/install/bot_script:/home/user/bot_ws/install/bot_bringup:/home/user/bot_ws/install/bot_controller:/home/user/bot_ws/install/bot_description:/opt/ros/humble CMAKE_PREFIX_PATH=/home/user/bot_ws/install/bot_description:/home/user/bot_ws/install/bot_controller:/home/user/bot_ws/install/bot_bringup:/home/user/bot_ws/install/bot_script:/opt/ros/humble _=/usr/bin/env /usr/bin/cmake --build /home/user/bot_ws/build/bot_bringup -- -j8 -l8
[1.406s] DEBUG:colcon.colcon_core.event_handler.log_command:Invoking command in '/home/user/bot_ws/build/bot_bringup': AMENT_PREFIX_PATH=/home/user/bot_ws/install/bot_script:/home/user/bot_ws/install/bot_bringup:/home/user/bot_ws/install/bot_controller:/home/user/bot_ws/install/bot_description:/opt/ros/humble CMAKE_PREFIX_PATH=/home/user/bot_ws/install/bot_description:/home/user/bot_ws/install/bot_controller:/home/user/bot_ws/install/bot_bringup:/home/user/bot_ws/install/bot_script:/opt/ros/humble _=/usr/bin/env /usr/bin/cmake --install /home/user/bot_ws/build/bot_bringup
[1.415s] Level 1:colcon.colcon_core.environment:create_environment_scripts_only(bot_bringup)
[1.415s] Level 1:colcon.colcon_core.environment:checking '/home/user/bot_ws/install/bot_bringup' for CMake module files
[1.417s] Level 1:colcon.colcon_core.environment:checking '/home/user/bot_ws/install/bot_bringup' for CMake config files
[1.417s] Level 1:colcon.colcon_core.shell:create_environment_hook('bot_bringup', 'cmake_prefix_path')
[1.418s] INFO:colcon.colcon_core.shell:Creating environment hook '/home/user/bot_ws/install/bot_bringup/share/bot_bringup/hook/cmake_prefix_path.ps1'
[1.419s] DEBUG:colcon.colcon_core.event_handler.log_command:Invoked command in '/home/user/bot_ws/build/bot_bringup' returned '0': AMENT_PREFIX_PATH=/home/user/bot_ws/install/bot_script:/home/user/bot_ws/install/bot_bringup:/home/user/bot_ws/install/bot_controller:/home/user/bot_ws/install/bot_description:/opt/ros/humble CMAKE_PREFIX_PATH=/home/user/bot_ws/install/bot_description:/home/user/bot_ws/install/bot_controller:/home/user/bot_ws/install/bot_bringup:/home/user/bot_ws/install/bot_script:/opt/ros/humble _=/usr/bin/env /usr/bin/cmake --install /home/user/bot_ws/build/bot_bringup
[1.419s] INFO:colcon.colcon_core.shell:Creating environment descriptor '/home/user/bot_ws/install/bot_bringup/share/bot_bringup/hook/cmake_prefix_path.dsv'
[1.420s] INFO:colcon.colcon_core.shell:Creating environment hook '/home/user/bot_ws/install/bot_bringup/share/bot_bringup/hook/cmake_prefix_path.sh'
[1.420s] Level 1:colcon.colcon_core.environment:checking '/home/user/bot_ws/install/bot_bringup/bin'
[1.421s] Level 1:colcon.colcon_core.environment:checking '/home/user/bot_ws/install/bot_bringup/lib/pkgconfig/bot_bringup.pc'
[1.421s] Level 1:colcon.colcon_core.environment:checking '/home/user/bot_ws/install/bot_bringup/lib/python3.10/site-packages'
[1.421s] Level 1:colcon.colcon_core.environment:checking '/home/user/bot_ws/install/bot_bringup/bin'
[1.422s] INFO:colcon.colcon_core.shell:Creating package script '/home/user/bot_ws/install/bot_bringup/share/bot_bringup/package.ps1'
[1.422s] INFO:colcon.colcon_core.shell:Creating package descriptor '/home/user/bot_ws/install/bot_bringup/share/bot_bringup/package.dsv'
[1.422s] INFO:colcon.colcon_core.shell:Creating package script '/home/user/bot_ws/install/bot_bringup/share/bot_bringup/package.sh'
[1.423s] INFO:colcon.colcon_core.shell:Creating package script '/home/user/bot_ws/install/bot_bringup/share/bot_bringup/package.bash'
[1.423s] INFO:colcon.colcon_core.shell:Creating package script '/home/user/bot_ws/install/bot_bringup/share/bot_bringup/package.zsh'
[1.424s] Level 1:colcon.colcon_core.environment:create_file_with_runtime_dependencies(/home/user/bot_ws/install/bot_bringup/share/colcon-core/packages/bot_bringup)
[1.424s] Level 1:colcon.colcon_core.environment:create_environment_scripts_only(bot_bringup)
[1.424s] Level 1:colcon.colcon_core.environment:checking '/home/user/bot_ws/install/bot_bringup' for CMake module files
[1.425s] Level 1:colcon.colcon_core.environment:checking '/home/user/bot_ws/install/bot_bringup' for CMake config files
[1.425s] Level 1:colcon.colcon_core.shell:create_environment_hook('bot_bringup', 'cmake_prefix_path')
[1.425s] INFO:colcon.colcon_core.shell:Creating environment hook '/home/user/bot_ws/install/bot_bringup/share/bot_bringup/hook/cmake_prefix_path.ps1'
[1.426s] INFO:colcon.colcon_core.shell:Creating environment descriptor '/home/user/bot_ws/install/bot_bringup/share/bot_bringup/hook/cmake_prefix_path.dsv'
[1.426s] INFO:colcon.colcon_core.shell:Creating environment hook '/home/user/bot_ws/install/bot_bringup/share/bot_bringup/hook/cmake_prefix_path.sh'
[1.426s] Level 1:colcon.colcon_core.environment:checking '/home/user/bot_ws/install/bot_bringup/bin'
[1.426s] Level 1:colcon.colcon_core.environment:checking '/home/user/bot_ws/install/bot_bringup/lib/pkgconfig/bot_bringup.pc'
[1.427s] Level 1:colcon.colcon_core.environment:checking '/home/user/bot_ws/install/bot_bringup/lib/python3.10/site-packages'
[1.427s] Level 1:colcon.colcon_core.environment:checking '/home/user/bot_ws/install/bot_bringup/bin'
[1.427s] INFO:colcon.colcon_core.shell:Creating package script '/home/user/bot_ws/install/bot_bringup/share/bot_bringup/package.ps1'
[1.428s] INFO:colcon.colcon_core.shell:Creating package descriptor '/home/user/bot_ws/install/bot_bringup/share/bot_bringup/package.dsv'
[1.429s] INFO:colcon.colcon_core.shell:Creating package script '/home/user/bot_ws/install/bot_bringup/share/bot_bringup/package.sh'
[1.429s] INFO:colcon.colcon_core.shell:Creating package script '/home/user/bot_ws/install/bot_bringup/share/bot_bringup/package.bash'
[1.429s] INFO:colcon.colcon_core.shell:Creating package script '/home/user/bot_ws/install/bot_bringup/share/bot_bringup/package.zsh'
[1.430s] Level 1:colcon.colcon_core.environment:create_file_with_runtime_dependencies(/home/user/bot_ws/install/bot_bringup/share/colcon-core/packages/bot_bringup)
[1.430s] DEBUG:colcon.colcon_parallel_executor.executor.parallel:closing loop
[1.431s] DEBUG:colcon.colcon_parallel_executor.executor.parallel:loop closed
[1.431s] DEBUG:colcon.colcon_parallel_executor.executor.parallel:run_until_complete finished with '0'
[1.431s] DEBUG:colcon.colcon_core.event_reactor:joining thread
[1.437s] INFO:colcon.colcon_core.plugin_system:Skipping extension 'colcon_notification.desktop_notification.notify_send': Could not find 'notify-send'
[1.437s] INFO:colcon.colcon_core.plugin_system:Skipping extension 'colcon_notification.desktop_notification.terminal_notifier': Not used on non-Darwin systems
[1.437s] INFO:colcon.colcon_core.plugin_system:Skipping extension 'colcon_notification.desktop_notification.win32': Not used on non-Windows systems
[1.437s] INFO:colcon.colcon_notification.desktop_notification:Sending desktop notification using 'notify2'
[1.439s] DEBUG:colcon.colcon_notification.desktop_notification.notify2:Failed to initialize notify2: org.freedesktop.DBus.Error.Spawn.ExecFailed: /usr/bin/dbus-launch terminated abnormally without any error message
[1.439s] DEBUG:colcon.colcon_core.event_reactor:joined thread
[1.440s] INFO:colcon.colcon_core.shell:Creating prefix script '/home/user/bot_ws/install/local_setup.ps1'
[1.441s] INFO:colcon.colcon_core.shell:Creating prefix util module '/home/user/bot_ws/install/_local_setup_util_ps1.py'
[1.443s] INFO:colcon.colcon_core.shell:Creating prefix chain script '/home/user/bot_ws/install/setup.ps1'
[1.444s] INFO:colcon.colcon_core.shell:Creating prefix script '/home/user/bot_ws/install/local_setup.sh'
[1.445s] INFO:colcon.colcon_core.shell:Creating prefix util module '/home/user/bot_ws/install/_local_setup_util_sh.py'
[1.445s] INFO:colcon.colcon_core.shell:Creating prefix chain script '/home/user/bot_ws/install/setup.sh'
[1.447s] INFO:colcon.colcon_core.shell:Creating prefix script '/home/user/bot_ws/install/local_setup.bash'
[1.447s] INFO:colcon.colcon_core.shell:Creating prefix chain script '/home/user/bot_ws/install/setup.bash'
[1.448s] INFO:colcon.colcon_core.shell:Creating prefix script '/home/user/bot_ws/install/local_setup.zsh'
[1.449s] INFO:colcon.colcon_core.shell:Creating prefix chain script '/home/user/bot_ws/install/setup.zsh'
